<?xml version="1.0" encoding="utf-8"?><testsuites><testsuite name="pytest" errors="0" failures="0" skipped="5" tests="377" time="116.912" timestamp="2025-02-21T12:22:53.494686+01:00" hostname="LOVELACE-ZORIN"><properties><property name="hypothesis-statistics-tests/cycle_count/test_cycle_count.py::TestCycleCount::test__eq__[cc_ts0-cc_rf0]" value="dGVzdHMvY3ljbGVfY291bnQvdGVzdF9jeWNsZV9jb3VudC5weTo6VGVzdEN5Y2xlQ291bnQ6OnRlc3RfX2VxX19bY2NfdHMwLWNjX3JmMF06CgogIC0gZHVyaW5nIGdlbmVyYXRlIHBoYXNlICgwLjQ3IHNlY29uZHMpOgogICAgLSBUeXBpY2FsIHJ1bnRpbWVzOiB+IDItNiBtcywgb2Ygd2hpY2ggPCAxbXMgaW4gZGF0YSBnZW5lcmF0aW9uCiAgICAtIDEwMCBwYXNzaW5nIGV4YW1wbGVzLCAwIGZhaWxpbmcgZXhhbXBsZXMsIDAgaW52YWxpZCBleGFtcGxlcwoKICAtIFN0b3BwZWQgYmVjYXVzZSBzZXR0aW5ncy5tYXhfZXhhbXBsZXM9MTAw" /><property name="hypothesis-statistics-tests/cycle_count/test_cycle_count.py::TestCycleCount::test__mul__[cc0]" value="dGVzdHMvY3ljbGVfY291bnQvdGVzdF9jeWNsZV9jb3VudC5weTo6VGVzdEN5Y2xlQ291bnQ6OnRlc3RfX211bF9fW2NjMF06CgogIC0gZHVyaW5nIGdlbmVyYXRlIHBoYXNlICgxLjAxIHNlY29uZHMpOgogICAgLSBUeXBpY2FsIHJ1bnRpbWVzOiB+IDYtMTUgbXMsIG9mIHdoaWNoIDwgMW1zIGluIGRhdGEgZ2VuZXJhdGlvbgogICAgLSAxMDAgcGFzc2luZyBleGFtcGxlcywgMCBmYWlsaW5nIGV4YW1wbGVzLCAwIGludmFsaWQgZXhhbXBsZXMKCiAgLSBTdG9wcGVkIGJlY2F1c2Ugc2V0dGluZ3MubWF4X2V4YW1wbGVzPTEwMA==" /><property name="hypothesis-statistics-tests/cycle_count/test_cycle_count.py::TestCycleCount::test_dnv_mean_stress_correction_exception[cc_10]" value="dGVzdHMvY3ljbGVfY291bnQvdGVzdF9jeWNsZV9jb3VudC5weTo6VGVzdEN5Y2xlQ291bnQ6OnRlc3RfZG52X21lYW5fc3RyZXNzX2NvcnJlY3Rpb25fZXhjZXB0aW9uW2NjXzEwXToKCiAgLSBkdXJpbmcgZ2VuZXJhdGUgcGhhc2UgKDAuMjYgc2Vjb25kcyk6CiAgICAtIFR5cGljYWwgcnVudGltZXM6IH4gMS0yIG1zLCBvZiB3aGljaCA8IDFtcyBpbiBkYXRhIGdlbmVyYXRpb24KICAgIC0gMTAwIHBhc3NpbmcgZXhhbXBsZXMsIDAgZmFpbGluZyBleGFtcGxlcywgMCBpbnZhbGlkIGV4YW1wbGVzCgogIC0gU3RvcHBlZCBiZWNhdXNlIHNldHRpbmdzLm1heF9leGFtcGxlcz0xMDA=" /><property name="hypothesis-statistics-tests/cycle_count/test_cycle_count.py::TestCycleCount::test_dnv_mean_stress_correction_exception[cc_11]" value="dGVzdHMvY3ljbGVfY291bnQvdGVzdF9jeWNsZV9jb3VudC5weTo6VGVzdEN5Y2xlQ291bnQ6OnRlc3RfZG52X21lYW5fc3RyZXNzX2NvcnJlY3Rpb25fZXhjZXB0aW9uW2NjXzExXToKCiAgLSBkdXJpbmcgZ2VuZXJhdGUgcGhhc2UgKDAuMjYgc2Vjb25kcyk6CiAgICAtIFR5cGljYWwgcnVudGltZXM6IH4gMW1zLCBvZiB3aGljaCA8IDFtcyBpbiBkYXRhIGdlbmVyYXRpb24KICAgIC0gMTAwIHBhc3NpbmcgZXhhbXBsZXMsIDAgZmFpbGluZyBleGFtcGxlcywgMCBpbnZhbGlkIGV4YW1wbGVzCgogIC0gU3RvcHBlZCBiZWNhdXNlIHNldHRpbmdzLm1heF9leGFtcGxlcz0xMDA=" /><property name="hypothesis-statistics-tests/cycle_count/test_cycle_count.py::TestCycleCount::test_dnv_mean_stress_correction_exception[cc_12]" value="dGVzdHMvY3ljbGVfY291bnQvdGVzdF9jeWNsZV9jb3VudC5weTo6VGVzdEN5Y2xlQ291bnQ6OnRlc3RfZG52X21lYW5fc3RyZXNzX2NvcnJlY3Rpb25fZXhjZXB0aW9uW2NjXzEyXToKCiAgLSBkdXJpbmcgZ2VuZXJhdGUgcGhhc2UgKDAuMjQgc2Vjb25kcyk6CiAgICAtIFR5cGljYWwgcnVudGltZXM6IH4gMW1zLCBvZiB3aGljaCA8IDFtcyBpbiBkYXRhIGdlbmVyYXRpb24KICAgIC0gMTAwIHBhc3NpbmcgZXhhbXBsZXMsIDAgZmFpbGluZyBleGFtcGxlcywgMCBpbnZhbGlkIGV4YW1wbGVzCgogIC0gU3RvcHBlZCBiZWNhdXNlIHNldHRpbmdzLm1heF9leGFtcGxlcz0xMDA=" /><property name="hypothesis-statistics-tests/cycle_count/test_cycle_count.py::TestCycleCount::test_dnv_mean_stress_correction_exception[cc_13]" value="dGVzdHMvY3ljbGVfY291bnQvdGVzdF9jeWNsZV9jb3VudC5weTo6VGVzdEN5Y2xlQ291bnQ6OnRlc3RfZG52X21lYW5fc3RyZXNzX2NvcnJlY3Rpb25fZXhjZXB0aW9uW2NjXzEzXToKCiAgLSBkdXJpbmcgZ2VuZXJhdGUgcGhhc2UgKDAuMjIgc2Vjb25kcyk6CiAgICAtIFR5cGljYWwgcnVudGltZXM6IH4gMC0xIG1zLCBvZiB3aGljaCA8IDFtcyBpbiBkYXRhIGdlbmVyYXRpb24KICAgIC0gMTAwIHBhc3NpbmcgZXhhbXBsZXMsIDAgZmFpbGluZyBleGFtcGxlcywgMCBpbnZhbGlkIGV4YW1wbGVzCgogIC0gU3RvcHBlZCBiZWNhdXNlIHNldHRpbmdzLm1heF9leGFtcGxlcz0xMDA=" /><property name="hypothesis-statistics-tests/cycle_count/test_cycle_count.py::TestCycleCount::test__add__error_type[cc0]" value="dGVzdHMvY3ljbGVfY291bnQvdGVzdF9jeWNsZV9jb3VudC5weTo6VGVzdEN5Y2xlQ291bnQ6OnRlc3RfX2FkZF9fZXJyb3JfdHlwZVtjYzBdOgoKICAtIGR1cmluZyBnZW5lcmF0ZSBwaGFzZSAoMC41MSBzZWNvbmRzKToKICAgIC0gVHlwaWNhbCBydW50aW1lczogfiAwLTIgbXMsIG9mIHdoaWNoIH4gMC0yIG1zIGluIGRhdGEgZ2VuZXJhdGlvbgogICAgLSAxMDAgcGFzc2luZyBleGFtcGxlcywgMCBmYWlsaW5nIGV4YW1wbGVzLCAzOSBpbnZhbGlkIGV4YW1wbGVzCgogIC0gU3RvcHBlZCBiZWNhdXNlIHNldHRpbmdzLm1heF9leGFtcGxlcz0xMDA=" /><property name="hypothesis-statistics-tests/cycle_count/test_cycle_count.py::TestCycleCount::test__add__error_type[cc1]" value="dGVzdHMvY3ljbGVfY291bnQvdGVzdF9jeWNsZV9jb3VudC5weTo6VGVzdEN5Y2xlQ291bnQ6OnRlc3RfX2FkZF9fZXJyb3JfdHlwZVtjYzFdOgoKICAtIGR1cmluZyBnZW5lcmF0ZSBwaGFzZSAoMC40MyBzZWNvbmRzKToKICAgIC0gVHlwaWNhbCBydW50aW1lczogfiAwLTMgbXMsIG9mIHdoaWNoIH4gMC0yIG1zIGluIGRhdGEgZ2VuZXJhdGlvbgogICAgLSAxMDAgcGFzc2luZyBleGFtcGxlcywgMCBmYWlsaW5nIGV4YW1wbGVzLCAxOSBpbnZhbGlkIGV4YW1wbGVzCgogIC0gU3RvcHBlZCBiZWNhdXNlIHNldHRpbmdzLm1heF9leGFtcGxlcz0xMDA=" /><property name="hypothesis-statistics-tests/cycle_count/test_cycle_count.py::TestCycleCount::test__add__different_scf[cc_10-cc_20]" value="dGVzdHMvY3ljbGVfY291bnQvdGVzdF9jeWNsZV9jb3VudC5weTo6VGVzdEN5Y2xlQ291bnQ6OnRlc3RfX2FkZF9fZGlmZmVyZW50X3NjZltjY18xMC1jY18yMF06CgogIC0gZHVyaW5nIGdlbmVyYXRlIHBoYXNlICgwLjE5IHNlY29uZHMpOgogICAgLSBUeXBpY2FsIHJ1bnRpbWVzOiB+IDFtcywgb2Ygd2hpY2ggPCAxbXMgaW4gZGF0YSBnZW5lcmF0aW9uCiAgICAtIDEwMCBwYXNzaW5nIGV4YW1wbGVzLCAwIGZhaWxpbmcgZXhhbXBsZXMsIDAgaW52YWxpZCBleGFtcGxlcwoKICAtIFN0b3BwZWQgYmVjYXVzZSBzZXR0aW5ncy5tYXhfZXhhbXBsZXM9MTAw" /><property name="hypothesis-statistics-tests/damage/test_stress_life.py::TestPalmgrenMiner::test_palmgren_miner_constant_load[sn_curve0]" value="dGVzdHMvZGFtYWdlL3Rlc3Rfc3RyZXNzX2xpZmUucHk6OlRlc3RQYWxtZ3Jlbk1pbmVyOjp0ZXN0X3BhbG1ncmVuX21pbmVyX2NvbnN0YW50X2xvYWRbc25fY3VydmUwXToKCiAgLSBkdXJpbmcgZ2VuZXJhdGUgcGhhc2UgKDIuNzEgc2Vjb25kcyk6CiAgICAtIFR5cGljYWwgcnVudGltZXM6IH4gNTAtMjAxOCBtcywgb2Ygd2hpY2ggPCAxbXMgaW4gZGF0YSBnZW5lcmF0aW9uCiAgICAtIDEwIHBhc3NpbmcgZXhhbXBsZXMsIDAgZmFpbGluZyBleGFtcGxlcywgMCBpbnZhbGlkIGV4YW1wbGVzCgogIC0gU3RvcHBlZCBiZWNhdXNlIHNldHRpbmdzLm1heF9leGFtcGxlcz0xMA==" /><property name="hypothesis-statistics-tests/damage/test_stress_life.py::TestPalmgrenMiner::test_palmgren_miner_constant_load[sn_curve1]" value="dGVzdHMvZGFtYWdlL3Rlc3Rfc3RyZXNzX2xpZmUucHk6OlRlc3RQYWxtZ3Jlbk1pbmVyOjp0ZXN0X3BhbG1ncmVuX21pbmVyX2NvbnN0YW50X2xvYWRbc25fY3VydmUxXToKCiAgLSBkdXJpbmcgZ2VuZXJhdGUgcGhhc2UgKDEuMDUgc2Vjb25kcyk6CiAgICAtIFR5cGljYWwgcnVudGltZXM6IH4gODctMTE5IG1zLCBvZiB3aGljaCA8IDFtcyBpbiBkYXRhIGdlbmVyYXRpb24KICAgIC0gMTAgcGFzc2luZyBleGFtcGxlcywgMCBmYWlsaW5nIGV4YW1wbGVzLCAwIGludmFsaWQgZXhhbXBsZXMKCiAgLSBTdG9wcGVkIGJlY2F1c2Ugc2V0dGluZ3MubWF4X2V4YW1wbGVzPTEw" /><property name="hypothesis-statistics-tests/damage/test_stress_life.py::TestPalmgrenMiner::test_palmgren_miner_constant_load[sn_curve2]" value="dGVzdHMvZGFtYWdlL3Rlc3Rfc3RyZXNzX2xpZmUucHk6OlRlc3RQYWxtZ3Jlbk1pbmVyOjp0ZXN0X3BhbG1ncmVuX21pbmVyX2NvbnN0YW50X2xvYWRbc25fY3VydmUyXToKCiAgLSBkdXJpbmcgZ2VuZXJhdGUgcGhhc2UgKDAuODUgc2Vjb25kcyk6CiAgICAtIFR5cGljYWwgcnVudGltZXM6IH4gNzItMTA1IG1zLCBvZiB3aGljaCB+IDAtNCBtcyBpbiBkYXRhIGdlbmVyYXRpb24KICAgIC0gMTAgcGFzc2luZyBleGFtcGxlcywgMCBmYWlsaW5nIGV4YW1wbGVzLCAwIGludmFsaWQgZXhhbXBsZXMKCiAgLSBTdG9wcGVkIGJlY2F1c2Ugc2V0dGluZ3MubWF4X2V4YW1wbGVzPTEw" /><property name="hypothesis-statistics-tests/damage/test_stress_life.py::TestPalmgrenMiner::test_palmgren_miner_constant_load[sn_curve3]" value="dGVzdHMvZGFtYWdlL3Rlc3Rfc3RyZXNzX2xpZmUucHk6OlRlc3RQYWxtZ3Jlbk1pbmVyOjp0ZXN0X3BhbG1ncmVuX21pbmVyX2NvbnN0YW50X2xvYWRbc25fY3VydmUzXToKCiAgLSBkdXJpbmcgZ2VuZXJhdGUgcGhhc2UgKDAuNzUgc2Vjb25kcyk6CiAgICAtIFR5cGljYWwgcnVudGltZXM6IH4gNTYtMTAyIG1zLCBvZiB3aGljaCA8IDFtcyBpbiBkYXRhIGdlbmVyYXRpb24KICAgIC0gMTAgcGFzc2luZyBleGFtcGxlcywgMCBmYWlsaW5nIGV4YW1wbGVzLCAwIGludmFsaWQgZXhhbXBsZXMKCiAgLSBTdG9wcGVkIGJlY2F1c2Ugc2V0dGluZ3MubWF4X2V4YW1wbGVzPTEw" /><property name="hypothesis-statistics-tests/damage/test_stress_life.py::TestPalmgrenMiner::test_miner_pandas_accessor_constant_load[sn_curve0]" value="dGVzdHMvZGFtYWdlL3Rlc3Rfc3RyZXNzX2xpZmUucHk6OlRlc3RQYWxtZ3Jlbk1pbmVyOjp0ZXN0X21pbmVyX3BhbmRhc19hY2Nlc3Nvcl9jb25zdGFudF9sb2FkW3NuX2N1cnZlMF06CgogIC0gZHVyaW5nIGdlbmVyYXRlIHBoYXNlICg3LjY0IHNlY29uZHMpOgogICAgLSBUeXBpY2FsIHJ1bnRpbWVzOiB+IDAtOTkgbXMsIG9mIHdoaWNoIDwgMW1zIGluIGRhdGEgZ2VuZXJhdGlvbgogICAgLSAxMDAgcGFzc2luZyBleGFtcGxlcywgMCBmYWlsaW5nIGV4YW1wbGVzLCAxMTQgaW52YWxpZCBleGFtcGxlcwoKICAtIFN0b3BwZWQgYmVjYXVzZSBzZXR0aW5ncy5tYXhfZXhhbXBsZXM9MTAw" /><property name="hypothesis-statistics-tests/damage/test_stress_life.py::TestPalmgrenMiner::test_miner_pandas_accessor_constant_load[sn_curve1]" value="dGVzdHMvZGFtYWdlL3Rlc3Rfc3RyZXNzX2xpZmUucHk6OlRlc3RQYWxtZ3Jlbk1pbmVyOjp0ZXN0X21pbmVyX3BhbmRhc19hY2Nlc3Nvcl9jb25zdGFudF9sb2FkW3NuX2N1cnZlMV06CgogIC0gZHVyaW5nIGdlbmVyYXRlIHBoYXNlICg5LjU0IHNlY29uZHMpOgogICAgLSBUeXBpY2FsIHJ1bnRpbWVzOiB+IDAtMTE1IG1zLCBvZiB3aGljaCA8IDFtcyBpbiBkYXRhIGdlbmVyYXRpb24KICAgIC0gMTAwIHBhc3NpbmcgZXhhbXBsZXMsIDAgZmFpbGluZyBleGFtcGxlcywgOTEgaW52YWxpZCBleGFtcGxlcwoKICAtIFN0b3BwZWQgYmVjYXVzZSBzZXR0aW5ncy5tYXhfZXhhbXBsZXM9MTAw" /><property name="hypothesis-statistics-tests/damage/test_stress_life.py::TestPalmgrenMiner::test_miner_pandas_accessor_constant_load[sn_curve2]" value="dGVzdHMvZGFtYWdlL3Rlc3Rfc3RyZXNzX2xpZmUucHk6OlRlc3RQYWxtZ3Jlbk1pbmVyOjp0ZXN0X21pbmVyX3BhbmRhc19hY2Nlc3Nvcl9jb25zdGFudF9sb2FkW3NuX2N1cnZlMl06CgogIC0gZHVyaW5nIGdlbmVyYXRlIHBoYXNlICg4Ljk4IHNlY29uZHMpOgogICAgLSBUeXBpY2FsIHJ1bnRpbWVzOiB+IDAtOTcgbXMsIG9mIHdoaWNoIDwgMW1zIGluIGRhdGEgZ2VuZXJhdGlvbgogICAgLSAxMDAgcGFzc2luZyBleGFtcGxlcywgMCBmYWlsaW5nIGV4YW1wbGVzLCAxMTAgaW52YWxpZCBleGFtcGxlcwoKICAtIFN0b3BwZWQgYmVjYXVzZSBzZXR0aW5ncy5tYXhfZXhhbXBsZXM9MTAw" /><property name="hypothesis-statistics-tests/damage/test_stress_life.py::TestPalmgrenMiner::test_miner_pandas_accessor_constant_load[sn_curve3]" value="dGVzdHMvZGFtYWdlL3Rlc3Rfc3RyZXNzX2xpZmUucHk6OlRlc3RQYWxtZ3Jlbk1pbmVyOjp0ZXN0X21pbmVyX3BhbmRhc19hY2Nlc3Nvcl9jb25zdGFudF9sb2FkW3NuX2N1cnZlM106CgogIC0gZHVyaW5nIGdlbmVyYXRlIHBoYXNlICg3LjEyIHNlY29uZHMpOgogICAgLSBUeXBpY2FsIHJ1bnRpbWVzOiB+IDAtODAgbXMsIG9mIHdoaWNoIDwgMW1zIGluIGRhdGEgZ2VuZXJhdGlvbgogICAgLSAxMDAgcGFzc2luZyBleGFtcGxlcywgMCBmYWlsaW5nIGV4YW1wbGVzLCAxMjMgaW52YWxpZCBleGFtcGxlcwoKICAtIFN0b3BwZWQgYmVjYXVzZSBzZXR0aW5ncy5tYXhfZXhhbXBsZXM9MTAw" /><property name="hypothesis-statistics-tests/damage/test_stress_life.py::TestPalmgrenMiner::test_des_pandas_accessor_variable_load[cc0]" value="dGVzdHMvZGFtYWdlL3Rlc3Rfc3RyZXNzX2xpZmUucHk6OlRlc3RQYWxtZ3Jlbk1pbmVyOjp0ZXN0X2Rlc19wYW5kYXNfYWNjZXNzb3JfdmFyaWFibGVfbG9hZFtjYzBdOgoKICAtIGR1cmluZyBnZW5lcmF0ZSBwaGFzZSAoMC40MyBzZWNvbmRzKToKICAgIC0gVHlwaWNhbCBydW50aW1lczogfiAxLTMgbXMsIG9mIHdoaWNoIH4gMC0xIG1zIGluIGRhdGEgZ2VuZXJhdGlvbgogICAgLSAxMDAgcGFzc2luZyBleGFtcGxlcywgMCBmYWlsaW5nIGV4YW1wbGVzLCAwIGludmFsaWQgZXhhbXBsZXMKCiAgLSBTdG9wcGVkIGJlY2F1c2Ugc2V0dGluZ3MubWF4X2V4YW1wbGVzPTEwMA==" /><property name="hypothesis-statistics-tests/damage/test_stress_life.py::TestPalmgrenMiner::test_des_pandas_accessor_variable_load[cc1]" value="dGVzdHMvZGFtYWdlL3Rlc3Rfc3RyZXNzX2xpZmUucHk6OlRlc3RQYWxtZ3Jlbk1pbmVyOjp0ZXN0X2Rlc19wYW5kYXNfYWNjZXNzb3JfdmFyaWFibGVfbG9hZFtjYzFdOgoKICAtIGR1cmluZyBnZW5lcmF0ZSBwaGFzZSAoMC40MCBzZWNvbmRzKToKICAgIC0gVHlwaWNhbCBydW50aW1lczogfiAxLTIgbXMsIG9mIHdoaWNoIDwgMW1zIGluIGRhdGEgZ2VuZXJhdGlvbgogICAgLSAxMDAgcGFzc2luZyBleGFtcGxlcywgMCBmYWlsaW5nIGV4YW1wbGVzLCAwIGludmFsaWQgZXhhbXBsZXMKCiAgLSBTdG9wcGVkIGJlY2F1c2Ugc2V0dGluZ3MubWF4X2V4YW1wbGVzPTEwMA==" /><property name="hypothesis-statistics-tests/damage/test_stress_life.py::TestPalmgrenMiner::test_dem_pandas_accessor_variable_load[3-3.5-cc0]" value="dGVzdHMvZGFtYWdlL3Rlc3Rfc3RyZXNzX2xpZmUucHk6OlRlc3RQYWxtZ3Jlbk1pbmVyOjp0ZXN0X2RlbV9wYW5kYXNfYWNjZXNzb3JfdmFyaWFibGVfbG9hZFszLTMuNS1jYzBdOgoKICAtIGR1cmluZyBnZW5lcmF0ZSBwaGFzZSAoMC4zNCBzZWNvbmRzKToKICAgIC0gVHlwaWNhbCBydW50aW1lczogfiAxLTIgbXMsIG9mIHdoaWNoIH4gMC0xIG1zIGluIGRhdGEgZ2VuZXJhdGlvbgogICAgLSAxMDAgcGFzc2luZyBleGFtcGxlcywgMCBmYWlsaW5nIGV4YW1wbGVzLCAwIGludmFsaWQgZXhhbXBsZXMKCiAgLSBTdG9wcGVkIGJlY2F1c2Ugc2V0dGluZ3MubWF4X2V4YW1wbGVzPTEwMA==" /><property name="hypothesis-statistics-tests/damage/test_stress_life.py::TestPalmgrenMiner::test_dem_pandas_accessor_variable_load[3-3.5-cc1]" value="dGVzdHMvZGFtYWdlL3Rlc3Rfc3RyZXNzX2xpZmUucHk6OlRlc3RQYWxtZ3Jlbk1pbmVyOjp0ZXN0X2RlbV9wYW5kYXNfYWNjZXNzb3JfdmFyaWFibGVfbG9hZFszLTMuNS1jYzFdOgoKICAtIGR1cmluZyBnZW5lcmF0ZSBwaGFzZSAoMC40NCBzZWNvbmRzKToKICAgIC0gVHlwaWNhbCBydW50aW1lczogfiAxLTMgbXMsIG9mIHdoaWNoIH4gMC0xIG1zIGluIGRhdGEgZ2VuZXJhdGlvbgogICAgLSAxMDAgcGFzc2luZyBleGFtcGxlcywgMCBmYWlsaW5nIGV4YW1wbGVzLCAwIGludmFsaWQgZXhhbXBsZXMKCiAgLSBTdG9wcGVkIGJlY2F1c2Ugc2V0dGluZ3MubWF4X2V4YW1wbGVzPTEwMA==" /><property name="hypothesis-statistics-tests/damage/test_stress_life.py::TestPalmgrenMiner::test_dem_pandas_accessor_variable_load[4000-4100-cc0]" value="dGVzdHMvZGFtYWdlL3Rlc3Rfc3RyZXNzX2xpZmUucHk6OlRlc3RQYWxtZ3Jlbk1pbmVyOjp0ZXN0X2RlbV9wYW5kYXNfYWNjZXNzb3JfdmFyaWFibGVfbG9hZFs0MDAwLTQxMDAtY2MwXToKCiAgLSBkdXJpbmcgZ2VuZXJhdGUgcGhhc2UgKDAuMzkgc2Vjb25kcyk6CiAgICAtIFR5cGljYWwgcnVudGltZXM6IH4gMS0yIG1zLCBvZiB3aGljaCA8IDFtcyBpbiBkYXRhIGdlbmVyYXRpb24KICAgIC0gMTAwIHBhc3NpbmcgZXhhbXBsZXMsIDAgZmFpbGluZyBleGFtcGxlcywgMCBpbnZhbGlkIGV4YW1wbGVzCgogIC0gU3RvcHBlZCBiZWNhdXNlIHNldHRpbmdzLm1heF9leGFtcGxlcz0xMDA=" /><property name="hypothesis-statistics-tests/damage/test_stress_life.py::TestPalmgrenMiner::test_dem_pandas_accessor_variable_load[4000-4100-cc1]" value="dGVzdHMvZGFtYWdlL3Rlc3Rfc3RyZXNzX2xpZmUucHk6OlRlc3RQYWxtZ3Jlbk1pbmVyOjp0ZXN0X2RlbV9wYW5kYXNfYWNjZXNzb3JfdmFyaWFibGVfbG9hZFs0MDAwLTQxMDAtY2MxXToKCiAgLSBkdXJpbmcgZ2VuZXJhdGUgcGhhc2UgKDAuNDAgc2Vjb25kcyk6CiAgICAtIFR5cGljYWwgcnVudGltZXM6IH4gMS0zIG1zLCBvZiB3aGljaCB+IDAtMSBtcyBpbiBkYXRhIGdlbmVyYXRpb24KICAgIC0gMTAwIHBhc3NpbmcgZXhhbXBsZXMsIDAgZmFpbGluZyBleGFtcGxlcywgMCBpbnZhbGlkIGV4YW1wbGVzCgogIC0gU3RvcHBlZCBiZWNhdXNlIHNldHRpbmdzLm1heF9leGFtcGxlcz0xMDA=" /><property name="hypothesis-statistics-tests/damage/test_stress_life.py::TestPalmgrenMiner::test_dem_pandas_accessor_variable_load[2-1-cc0]" value="dGVzdHMvZGFtYWdlL3Rlc3Rfc3RyZXNzX2xpZmUucHk6OlRlc3RQYWxtZ3Jlbk1pbmVyOjp0ZXN0X2RlbV9wYW5kYXNfYWNjZXNzb3JfdmFyaWFibGVfbG9hZFsyLTEtY2MwXToKCiAgLSBkdXJpbmcgcmV1c2UgcGhhc2UgKDAuNTYgc2Vjb25kcyk6CiAgICAtIFR5cGljYWwgcnVudGltZXM6IH4gMjYtMTcxIG1zLCBvZiB3aGljaCA8IDFtcyBpbiBkYXRhIGdlbmVyYXRpb24KICAgIC0gMCBwYXNzaW5nIGV4YW1wbGVzLCAxMCBmYWlsaW5nIGV4YW1wbGVzLCAwIGludmFsaWQgZXhhbXBsZXMKICAgIC0gRm91bmQgMSBkaXN0aW5jdCBlcnJvciBpbiB0aGlzIHBoYXNlCgogIC0gZHVyaW5nIHNocmluayBwaGFzZSAoOS41OSBzZWNvbmRzKToKICAgIC0gVHlwaWNhbCBydW50aW1lczogfiAyMy0zNiBtcywgb2Ygd2hpY2ggPCAxbXMgaW4gZGF0YSBnZW5lcmF0aW9uCiAgICAtIDAgcGFzc2luZyBleGFtcGxlcywgMjkyIGZhaWxpbmcgZXhhbXBsZXMsIDEgaW52YWxpZCBleGFtcGxlcwogICAgLSBUcmllZCAyOTMgc2hyaW5rcyBvZiB3aGljaCAwIHdlcmUgc3VjY2Vzc2Z1bAoKICAtIFN0b3BwZWQgYmVjYXVzZSBub3RoaW5nIGxlZnQgdG8gZG8=" /><property name="hypothesis-statistics-tests/damage/test_stress_life.py::TestPalmgrenMiner::test_dem_pandas_accessor_variable_load[2-1-cc1]" value="dGVzdHMvZGFtYWdlL3Rlc3Rfc3RyZXNzX2xpZmUucHk6OlRlc3RQYWxtZ3Jlbk1pbmVyOjp0ZXN0X2RlbV9wYW5kYXNfYWNjZXNzb3JfdmFyaWFibGVfbG9hZFsyLTEtY2MxXToKCiAgLSBkdXJpbmcgcmV1c2UgcGhhc2UgKDAuMzEgc2Vjb25kcyk6CiAgICAtIFR5cGljYWwgcnVudGltZXM6IH4gMjUtNDAgbXMsIG9mIHdoaWNoIDwgMW1zIGluIGRhdGEgZ2VuZXJhdGlvbgogICAgLSAwIHBhc3NpbmcgZXhhbXBsZXMsIDEwIGZhaWxpbmcgZXhhbXBsZXMsIDAgaW52YWxpZCBleGFtcGxlcwogICAgLSBGb3VuZCAxIGRpc3RpbmN0IGVycm9yIGluIHRoaXMgcGhhc2UKCiAgLSBkdXJpbmcgc2hyaW5rIHBoYXNlICgxMC43MiBzZWNvbmRzKToKICAgIC0gVHlwaWNhbCBydW50aW1lczogfiAyNC00MCBtcywgb2Ygd2hpY2ggPCAxbXMgaW4gZGF0YSBnZW5lcmF0aW9uCiAgICAtIDAgcGFzc2luZyBleGFtcGxlcywgMzAxIGZhaWxpbmcgZXhhbXBsZXMsIDEgaW52YWxpZCBleGFtcGxlcwogICAgLSBUcmllZCAzMDIgc2hyaW5rcyBvZiB3aGljaCAwIHdlcmUgc3VjY2Vzc2Z1bAoKICAtIFN0b3BwZWQgYmVjYXVzZSBub3RoaW5nIGxlZnQgdG8gZG8=" /><property name="hypothesis-statistics-tests/damage/test_stress_life.py::TestGassner::test_g_pandas_accessor_constant_load[sn_curve0]" value="dGVzdHMvZGFtYWdlL3Rlc3Rfc3RyZXNzX2xpZmUucHk6OlRlc3RHYXNzbmVyOjp0ZXN0X2dfcGFuZGFzX2FjY2Vzc29yX2NvbnN0YW50X2xvYWRbc25fY3VydmUwXToKCiAgLSBkdXJpbmcgZ2VuZXJhdGUgcGhhc2UgKDAuNzMgc2Vjb25kcyk6CiAgICAtIFR5cGljYWwgcnVudGltZXM6IH4gMC04IG1zLCBvZiB3aGljaCA8IDFtcyBpbiBkYXRhIGdlbmVyYXRpb24KICAgIC0gMTAwIHBhc3NpbmcgZXhhbXBsZXMsIDAgZmFpbGluZyBleGFtcGxlcywgMTI3IGludmFsaWQgZXhhbXBsZXMKCiAgLSBTdG9wcGVkIGJlY2F1c2Ugc2V0dGluZ3MubWF4X2V4YW1wbGVzPTEwMA==" /><property name="hypothesis-statistics-tests/damage/test_stress_life.py::TestGassner::test_g_pandas_accessor_constant_load[sn_curve1]" value="dGVzdHMvZGFtYWdlL3Rlc3Rfc3RyZXNzX2xpZmUucHk6OlRlc3RHYXNzbmVyOjp0ZXN0X2dfcGFuZGFzX2FjY2Vzc29yX2NvbnN0YW50X2xvYWRbc25fY3VydmUxXToKCiAgLSBkdXJpbmcgZ2VuZXJhdGUgcGhhc2UgKDAuNzcgc2Vjb25kcyk6CiAgICAtIFR5cGljYWwgcnVudGltZXM6IH4gMC03IG1zLCBvZiB3aGljaCA8IDFtcyBpbiBkYXRhIGdlbmVyYXRpb24KICAgIC0gMTAwIHBhc3NpbmcgZXhhbXBsZXMsIDAgZmFpbGluZyBleGFtcGxlcywgMTAxIGludmFsaWQgZXhhbXBsZXMKCiAgLSBTdG9wcGVkIGJlY2F1c2Ugc2V0dGluZ3MubWF4X2V4YW1wbGVzPTEwMA==" /><property name="hypothesis-statistics-tests/damage/test_stress_life.py::TestGassner::test_g_pandas_accessor_constant_load[sn_curve2]" value="dGVzdHMvZGFtYWdlL3Rlc3Rfc3RyZXNzX2xpZmUucHk6OlRlc3RHYXNzbmVyOjp0ZXN0X2dfcGFuZGFzX2FjY2Vzc29yX2NvbnN0YW50X2xvYWRbc25fY3VydmUyXToKCiAgLSBkdXJpbmcgZ2VuZXJhdGUgcGhhc2UgKDAuNzcgc2Vjb25kcyk6CiAgICAtIFR5cGljYWwgcnVudGltZXM6IH4gMC03IG1zLCBvZiB3aGljaCA8IDFtcyBpbiBkYXRhIGdlbmVyYXRpb24KICAgIC0gMTAwIHBhc3NpbmcgZXhhbXBsZXMsIDAgZmFpbGluZyBleGFtcGxlcywgMTA5IGludmFsaWQgZXhhbXBsZXMKCiAgLSBTdG9wcGVkIGJlY2F1c2Ugc2V0dGluZ3MubWF4X2V4YW1wbGVzPTEwMA==" /><property name="hypothesis-statistics-tests/damage/test_stress_life.py::TestGassner::test_g_pandas_accessor_constant_load[sn_curve3]" value="dGVzdHMvZGFtYWdlL3Rlc3Rfc3RyZXNzX2xpZmUucHk6OlRlc3RHYXNzbmVyOjp0ZXN0X2dfcGFuZGFzX2FjY2Vzc29yX2NvbnN0YW50X2xvYWRbc25fY3VydmUzXToKCiAgLSBkdXJpbmcgcmV1c2UgcGhhc2UgKDAuMDIgc2Vjb25kcyk6CiAgICAtIFR5cGljYWwgcnVudGltZXM6IH4gMjBtcywgb2Ygd2hpY2ggPCAxbXMgaW4gZGF0YSBnZW5lcmF0aW9uCiAgICAtIDAgcGFzc2luZyBleGFtcGxlcywgMSBmYWlsaW5nIGV4YW1wbGVzLCAwIGludmFsaWQgZXhhbXBsZXMKICAgIC0gRm91bmQgMSBkaXN0aW5jdCBlcnJvciBpbiB0aGlzIHBoYXNlCgogIC0gZHVyaW5nIHNocmluayBwaGFzZSAoNy42OCBzZWNvbmRzKToKICAgIC0gVHlwaWNhbCBydW50aW1lczogfiAxNy0zMSBtcywgb2Ygd2hpY2ggPCAxbXMgaW4gZGF0YSBnZW5lcmF0aW9uCiAgICAtIDAgcGFzc2luZyBleGFtcGxlcywgMjg1IGZhaWxpbmcgZXhhbXBsZXMsIDAgaW52YWxpZCBleGFtcGxlcwogICAgLSBUcmllZCAyODUgc2hyaW5rcyBvZiB3aGljaCAwIHdlcmUgc3VjY2Vzc2Z1bAoKICAtIFN0b3BwZWQgYmVjYXVzZSBub3RoaW5nIGxlZnQgdG8gZG8=" /><property name="hypothesis-statistics-tests/geometry/test_cylinder.py::TestCylinder::test_hollow_cylinder[internal]" value="dGVzdHMvZ2VvbWV0cnkvdGVzdF9jeWxpbmRlci5weTo6VGVzdEN5bGluZGVyOjp0ZXN0X2hvbGxvd19jeWxpbmRlcltpbnRlcm5hbF06CgogIC0gZHVyaW5nIGdlbmVyYXRlIHBoYXNlICgwLjQyIHNlY29uZHMpOgogICAgLSBUeXBpY2FsIHJ1bnRpbWVzOiB+IDEtMiBtcywgb2Ygd2hpY2ggfiAwLTEgbXMgaW4gZGF0YSBnZW5lcmF0aW9uCiAgICAtIDEwMCBwYXNzaW5nIGV4YW1wbGVzLCAwIGZhaWxpbmcgZXhhbXBsZXMsIDAgaW52YWxpZCBleGFtcGxlcwoKICAtIFN0b3BwZWQgYmVjYXVzZSBzZXR0aW5ncy5tYXhfZXhhbXBsZXM9MTAw" /><property name="hypothesis-statistics-tests/geometry/test_cylinder.py::TestCylinder::test_hollow_cylinder[external]" value="dGVzdHMvZ2VvbWV0cnkvdGVzdF9jeWxpbmRlci5weTo6VGVzdEN5bGluZGVyOjp0ZXN0X2hvbGxvd19jeWxpbmRlcltleHRlcm5hbF06CgogIC0gZHVyaW5nIGdlbmVyYXRlIHBoYXNlICgwLjM4IHNlY29uZHMpOgogICAgLSBUeXBpY2FsIHJ1bnRpbWVzOiB+IDEtMyBtcywgb2Ygd2hpY2ggfiAwLTEgbXMgaW4gZGF0YSBnZW5lcmF0aW9uCiAgICAtIDEwMCBwYXNzaW5nIGV4YW1wbGVzLCAwIGZhaWxpbmcgZXhhbXBsZXMsIDAgaW52YWxpZCBleGFtcGxlcwoKICAtIFN0b3BwZWQgYmVjYXVzZSBzZXR0aW5ncy5tYXhfZXhhbXBsZXM9MTAw" /><property name="hypothesis-statistics-tests/geometry/test_cylinder.py::TestCylinder::test_cylinder" value="dGVzdHMvZ2VvbWV0cnkvdGVzdF9jeWxpbmRlci5weTo6VGVzdEN5bGluZGVyOjp0ZXN0X2N5bGluZGVyOgoKICAtIGR1cmluZyBnZW5lcmF0ZSBwaGFzZSAoMC4zOCBzZWNvbmRzKToKICAgIC0gVHlwaWNhbCBydW50aW1lczogfiAxLTIgbXMsIG9mIHdoaWNoIH4gMC0xIG1zIGluIGRhdGEgZ2VuZXJhdGlvbgogICAgLSAxMDAgcGFzc2luZyBleGFtcGxlcywgMCBmYWlsaW5nIGV4YW1wbGVzLCAwIGludmFsaWQgZXhhbXBsZXMKCiAgLSBTdG9wcGVkIGJlY2F1c2Ugc2V0dGluZ3MubWF4X2V4YW1wbGVzPTEwMA==" /><property name="hypothesis-statistics-tests/geometry/test_generic.py::TestGeneric::test_infinite_surface" value="dGVzdHMvZ2VvbWV0cnkvdGVzdF9nZW5lcmljLnB5OjpUZXN0R2VuZXJpYzo6dGVzdF9pbmZpbml0ZV9zdXJmYWNlOgoKICAtIGR1cmluZyBnZW5lcmF0ZSBwaGFzZSAoMC4xOSBzZWNvbmRzKToKICAgIC0gVHlwaWNhbCBydW50aW1lczogfiAwLTEgbXMsIG9mIHdoaWNoIDwgMW1zIGluIGRhdGEgZ2VuZXJhdGlvbgogICAgLSAxMDAgcGFzc2luZyBleGFtcGxlcywgMCBmYWlsaW5nIGV4YW1wbGVzLCAwIGludmFsaWQgZXhhbXBsZXMKCiAgLSBTdG9wcGVkIGJlY2F1c2Ugc2V0dGluZ3MubWF4X2V4YW1wbGVzPTEwMA==" /><property name="hypothesis-statistics-tests/test_utils.py::TestFatigueStress::test_empty_fatigue_stress" value="dGVzdHMvdGVzdF91dGlscy5weTo6VGVzdEZhdGlndWVTdHJlc3M6OnRlc3RfZW1wdHlfZmF0aWd1ZV9zdHJlc3M6CgogIC0gZHVyaW5nIGdlbmVyYXRlIHBoYXNlICgxLjM0IHNlY29uZHMpOgogICAgLSBUeXBpY2FsIHJ1bnRpbWVzOiB+IDEtMTEgbXMsIG9mIHdoaWNoIH4gMC0xMCBtcyBpbiBkYXRhIGdlbmVyYXRpb24KICAgIC0gMTAwIHBhc3NpbmcgZXhhbXBsZXMsIDAgZmFpbGluZyBleGFtcGxlcywgMyBpbnZhbGlkIGV4YW1wbGVzCgogIC0gU3RvcHBlZCBiZWNhdXNlIHNldHRpbmdzLm1heF9leGFtcGxlcz0xMDA=" /><property name="hypothesis-statistics-tests/test_utils.py::TestFatigueStress::test_faulty_fatigue_stress" value="dGVzdHMvdGVzdF91dGlscy5weTo6VGVzdEZhdGlndWVTdHJlc3M6OnRlc3RfZmF1bHR5X2ZhdGlndWVfc3RyZXNzOgoKICAtIGR1cmluZyBnZW5lcmF0ZSBwaGFzZSAoMS4xNiBzZWNvbmRzKToKICAgIC0gVHlwaWNhbCBydW50aW1lczogfiAyLTExIG1zLCBvZiB3aGljaCB+IDItMTAgbXMgaW4gZGF0YSBnZW5lcmF0aW9uCiAgICAtIDEwMCBwYXNzaW5nIGV4YW1wbGVzLCAwIGZhaWxpbmcgZXhhbXBsZXMsIDAgaW52YWxpZCBleGFtcGxlcwoKICAtIFN0b3BwZWQgYmVjYXVzZSBzZXR0aW5ncy5tYXhfZXhhbXBsZXM9MTAw" /><property name="hypothesis-statistics-tests/test_version.py::test_parse_version" value="dGVzdHMvdGVzdF92ZXJzaW9uLnB5Ojp0ZXN0X3BhcnNlX3ZlcnNpb246CgogIC0gZHVyaW5nIGdlbmVyYXRlIHBoYXNlICgwLjE3IHNlY29uZHMpOgogICAgLSBUeXBpY2FsIHJ1bnRpbWVzOiB+IDAtMSBtcywgb2Ygd2hpY2ggPCAxbXMgaW4gZGF0YSBnZW5lcmF0aW9uCiAgICAtIDEwMCBwYXNzaW5nIGV4YW1wbGVzLCAwIGZhaWxpbmcgZXhhbXBsZXMsIDEgaW52YWxpZCBleGFtcGxlcwoKICAtIFN0b3BwZWQgYmVjYXVzZSBzZXR0aW5ncy5tYXhfZXhhbXBsZXM9MTAw" /><property name="hypothesis-statistics-tests/test_version.py::test_parse_version_with_release_and_num" value="dGVzdHMvdGVzdF92ZXJzaW9uLnB5Ojp0ZXN0X3BhcnNlX3ZlcnNpb25fd2l0aF9yZWxlYXNlX2FuZF9udW06CgogIC0gZHVyaW5nIGdlbmVyYXRlIHBoYXNlICgwLjMxIHNlY29uZHMpOgogICAgLSBUeXBpY2FsIHJ1bnRpbWVzOiB+IDEtMyBtcywgb2Ygd2hpY2ggfiAwLTIgbXMgaW4gZGF0YSBnZW5lcmF0aW9uCiAgICAtIDEwMCBwYXNzaW5nIGV4YW1wbGVzLCAwIGZhaWxpbmcgZXhhbXBsZXMsIDAgaW52YWxpZCBleGFtcGxlcwoKICAtIFN0b3BwZWQgYmVjYXVzZSBzZXR0aW5ncy5tYXhfZXhhbXBsZXM9MTAw" /><property name="hypothesis-statistics-tests/test_version.py::test_negative_version" value="dGVzdHMvdGVzdF92ZXJzaW9uLnB5Ojp0ZXN0X25lZ2F0aXZlX3ZlcnNpb246CgogIC0gZHVyaW5nIGdlbmVyYXRlIHBoYXNlICgwLjE4IHNlY29uZHMpOgogICAgLSBUeXBpY2FsIHJ1bnRpbWVzOiB+IDAtMSBtcywgb2Ygd2hpY2ggPCAxbXMgaW4gZGF0YSBnZW5lcmF0aW9uCiAgICAtIDEwMCBwYXNzaW5nIGV4YW1wbGVzLCAwIGZhaWxpbmcgZXhhbXBsZXMsIDEgaW52YWxpZCBleGFtcGxlcwoKICAtIFN0b3BwZWQgYmVjYXVzZSBzZXR0aW5ncy5tYXhfZXhhbXBsZXM9MTAw" /></properties><testcase classname="tests.cycle_count.test_cycle_count" name="test_build_input_data_from_json" file="tests/cycle_count/test_cycle_count.py" line="142" time="0.003" /><testcase classname="tests.cycle_count.test_cycle_count" name="test_build_input_data_from_json_legacy" file="tests/cycle_count/test_cycle_count.py" line="154" time="0.002" /><testcase classname="tests.cycle_count.test_cycle_count" name="test_empty_hist_exception" file="tests/cycle_count/test_cycle_count.py" line="166" time="0.001" /><testcase classname="tests.cycle_count.test_cycle_count" name="test__assess_json_keys" file="tests/cycle_count/test_cycle_count.py" line="178" time="0.001" /><testcase classname="tests.cycle_count.test_cycle_count" name="test_legacy_json_keys" file="tests/cycle_count/test_cycle_count.py" line="203" time="0.002" /><testcase classname="tests.cycle_count.test_cycle_count.TestCycleCount" name="test_properties[cc0-stress_range0-mean_stress0-res_sig0]" file="tests/cycle_count/test_cycle_count.py" line="229" time="0.005" /><testcase classname="tests.cycle_count.test_cycle_count.TestCycleCount" name="test_properties[cc1-stress_range1-mean_stress1-res_sig1]" file="tests/cycle_count/test_cycle_count.py" line="229" time="0.004" /><testcase classname="tests.cycle_count.test_cycle_count.TestCycleCount" name="test__eq__[cc_ts0-cc_rf0]" file="tests/cycle_count/test_cycle_count.py" line="284" time="0.478" /><testcase classname="tests.cycle_count.test_cycle_count.TestCycleCount" name="test_as_dict[cc_ts0-cc_rf0]" file="tests/cycle_count/test_cycle_count.py" line="299" time="0.004" /><testcase classname="tests.cycle_count.test_cycle_count.TestCycleCount" name="test_as_dict_legacy_export[cc_ts0-cc_rf0]" file="tests/cycle_count/test_cycle_count.py" line="326" time="0.008" /><testcase classname="tests.cycle_count.test_cycle_count.TestCycleCount" name="test__add__[cc_10-cc_20-stress_range0-mean_stress0-res_sig0]" file="tests/cycle_count/test_cycle_count.py" line="360" time="0.008" /><testcase classname="tests.cycle_count.test_cycle_count.TestCycleCount" name="test__mul__[cc0]" file="tests/cycle_count/test_cycle_count.py" line="426" time="1.027" /><testcase classname="tests.cycle_count.test_cycle_count.TestCycleCount" name="test_solve_lffd[cc_10-cc_20-cc_30]" file="tests/cycle_count/test_cycle_count.py" line="486" time="0.002" /><testcase classname="tests.cycle_count.test_cycle_count.TestCycleCount" name="test_dnv_mean_stress_correction[cc_10-0.8-mean_stress_corr0-stress_range_corr0]" file="tests/cycle_count/test_cycle_count.py" line="520" time="0.002" /><testcase classname="tests.cycle_count.test_cycle_count.TestCycleCount" name="test_dnv_mean_stress_correction[cc_11-0.6-mean_stress_corr1-stress_range_corr1]" file="tests/cycle_count/test_cycle_count.py" line="520" time="0.002" /><testcase classname="tests.cycle_count.test_cycle_count.TestCycleCount" name="test_dnv_mean_stress_correction_exception[cc_10]" file="tests/cycle_count/test_cycle_count.py" line="570" time="0.262" /><testcase classname="tests.cycle_count.test_cycle_count.TestCycleCount" name="test_dnv_mean_stress_correction_exception[cc_11]" file="tests/cycle_count/test_cycle_count.py" line="570" time="0.263" /><testcase classname="tests.cycle_count.test_cycle_count.TestCycleCount" name="test_dnv_mean_stress_correction_exception[cc_12]" file="tests/cycle_count/test_cycle_count.py" line="570" time="0.246" /><testcase classname="tests.cycle_count.test_cycle_count.TestCycleCount" name="test_dnv_mean_stress_correction_exception[cc_13]" file="tests/cycle_count/test_cycle_count.py" line="570" time="0.225" /><testcase classname="tests.cycle_count.test_cycle_count.TestCycleCount" name="test_walker_mean_stress_correction[0.3-cc0]" file="tests/cycle_count/test_cycle_count.py" line="597" time="0.002" /><testcase classname="tests.cycle_count.test_cycle_count.TestCycleCount" name="test_walker_mean_stress_correction[0.3-cc1]" file="tests/cycle_count/test_cycle_count.py" line="597" time="0.001" /><testcase classname="tests.cycle_count.test_cycle_count.TestCycleCount" name="test_walker_mean_stress_correction[0.3-cc2]" file="tests/cycle_count/test_cycle_count.py" line="597" time="0.001" /><testcase classname="tests.cycle_count.test_cycle_count.TestCycleCount" name="test_walker_mean_stress_correction[0.3-cc3]" file="tests/cycle_count/test_cycle_count.py" line="597" time="0.001" /><testcase classname="tests.cycle_count.test_cycle_count.TestCycleCount" name="test_walker_mean_stress_correction[0.4-cc0]" file="tests/cycle_count/test_cycle_count.py" line="597" time="0.001" /><testcase classname="tests.cycle_count.test_cycle_count.TestCycleCount" name="test_walker_mean_stress_correction[0.4-cc1]" file="tests/cycle_count/test_cycle_count.py" line="597" time="0.001" /><testcase classname="tests.cycle_count.test_cycle_count.TestCycleCount" name="test_walker_mean_stress_correction[0.4-cc2]" file="tests/cycle_count/test_cycle_count.py" line="597" time="0.001" /><testcase classname="tests.cycle_count.test_cycle_count.TestCycleCount" name="test_walker_mean_stress_correction[0.4-cc3]" file="tests/cycle_count/test_cycle_count.py" line="597" time="0.001" /><testcase classname="tests.cycle_count.test_cycle_count.TestCycleCount" name="test_walker_mean_stress_correction[0.5-cc0]" file="tests/cycle_count/test_cycle_count.py" line="597" time="0.001" /><testcase classname="tests.cycle_count.test_cycle_count.TestCycleCount" name="test_walker_mean_stress_correction[0.5-cc1]" file="tests/cycle_count/test_cycle_count.py" line="597" time="0.002" /><testcase classname="tests.cycle_count.test_cycle_count.TestCycleCount" name="test_walker_mean_stress_correction[0.5-cc2]" file="tests/cycle_count/test_cycle_count.py" line="597" time="0.001" /><testcase classname="tests.cycle_count.test_cycle_count.TestCycleCount" name="test_walker_mean_stress_correction[0.5-cc3]" file="tests/cycle_count/test_cycle_count.py" line="597" time="0.001" /><testcase classname="tests.cycle_count.test_cycle_count.TestCycleCount" name="test_walker_mean_stress_correction[0.6-cc0]" file="tests/cycle_count/test_cycle_count.py" line="597" time="0.001" /><testcase classname="tests.cycle_count.test_cycle_count.TestCycleCount" name="test_walker_mean_stress_correction[0.6-cc1]" file="tests/cycle_count/test_cycle_count.py" line="597" time="0.001" /><testcase classname="tests.cycle_count.test_cycle_count.TestCycleCount" name="test_walker_mean_stress_correction[0.6-cc2]" file="tests/cycle_count/test_cycle_count.py" line="597" time="0.001" /><testcase classname="tests.cycle_count.test_cycle_count.TestCycleCount" name="test_walker_mean_stress_correction[0.6-cc3]" file="tests/cycle_count/test_cycle_count.py" line="597" time="0.001" /><testcase classname="tests.cycle_count.test_cycle_count.TestCycleCount" name="test_walker_mean_stress_correction[0.7-cc0]" file="tests/cycle_count/test_cycle_count.py" line="597" time="0.001" /><testcase classname="tests.cycle_count.test_cycle_count.TestCycleCount" name="test_walker_mean_stress_correction[0.7-cc1]" file="tests/cycle_count/test_cycle_count.py" line="597" time="0.001" /><testcase classname="tests.cycle_count.test_cycle_count.TestCycleCount" name="test_walker_mean_stress_correction[0.7-cc2]" file="tests/cycle_count/test_cycle_count.py" line="597" time="0.001" /><testcase classname="tests.cycle_count.test_cycle_count.TestCycleCount" name="test_walker_mean_stress_correction[0.7-cc3]" file="tests/cycle_count/test_cycle_count.py" line="597" time="0.001" /><testcase classname="tests.cycle_count.test_cycle_count.TestCycleCount" name="test_swt_mean_stress_correction[cc0]" file="tests/cycle_count/test_cycle_count.py" line="629" time="0.001" /><testcase classname="tests.cycle_count.test_cycle_count.TestCycleCount" name="test_swt_mean_stress_correction[cc1]" file="tests/cycle_count/test_cycle_count.py" line="629" time="0.001" /><testcase classname="tests.cycle_count.test_cycle_count.TestCycleCount" name="test_swt_mean_stress_correction[cc2]" file="tests/cycle_count/test_cycle_count.py" line="629" time="0.001" /><testcase classname="tests.cycle_count.test_cycle_count.TestCycleCount" name="test_swt_mean_stress_correction[cc3]" file="tests/cycle_count/test_cycle_count.py" line="629" time="0.001" /><testcase classname="tests.cycle_count.test_cycle_count.TestCycleCount" name="test__add__error_type[cc0]" file="tests/cycle_count/test_cycle_count.py" line="652" time="0.516" /><testcase classname="tests.cycle_count.test_cycle_count.TestCycleCount" name="test__add__error_type[cc1]" file="tests/cycle_count/test_cycle_count.py" line="652" time="0.434" /><testcase classname="tests.cycle_count.test_cycle_count.TestCycleCount" name="test__add__residuals_sequence_checks[cc_10-cc_20]" file="tests/cycle_count/test_cycle_count.py" line="685" time="0.002" /><testcase classname="tests.cycle_count.test_cycle_count.TestCycleCount" name="test__add__null[cc0]" file="tests/cycle_count/test_cycle_count.py" line="728" time="0.001" /><testcase classname="tests.cycle_count.test_cycle_count.TestCycleCount" name="test__add__null[cc1]" file="tests/cycle_count/test_cycle_count.py" line="728" time="0.001" /><testcase classname="tests.cycle_count.test_cycle_count.TestCycleCount" name="test__add__null[cc2]" file="tests/cycle_count/test_cycle_count.py" line="728" time="0.001" /><testcase classname="tests.cycle_count.test_cycle_count.TestCycleCount" name="test__add__timestamp_order[cc_10-cc_20]" file="tests/cycle_count/test_cycle_count.py" line="776" time="0.001" /><testcase classname="tests.cycle_count.test_cycle_count.TestCycleCount" name="test__add__different_parameters[cc_10-cc_20]" file="tests/cycle_count/test_cycle_count.py" line="794" time="0.001" /><testcase classname="tests.cycle_count.test_cycle_count.TestCycleCount" name="test__add__different_scf[cc_10-cc_20]" file="tests/cycle_count/test_cycle_count.py" line="812" time="0.198" /><testcase classname="tests.cycle_count.test_histogram" name="test_map_hist[x0-y0-expected0-error0]" file="tests/cycle_count/test_histogram.py" line="39" time="0.001" /><testcase classname="tests.cycle_count.test_histogram" name="test_map_hist[x1-y1-expected1-error1]" file="tests/cycle_count/test_histogram.py" line="39" time="0.001" /><testcase classname="tests.cycle_count.test_histogram" name="test_map_hist[x2-y2-expected2-error2]" file="tests/cycle_count/test_histogram.py" line="39" time="0.001" /><testcase classname="tests.cycle_count.test_histogram" name="test_binned_rainflow[sig0-0.5-1--1-1-1-16-expected0-error0]" file="tests/cycle_count/test_histogram.py" line="73" time="0.002" /><testcase classname="tests.cycle_count.test_rainflow" name="test_concatenate[input_10-input_20-expected0-error0]" file="tests/cycle_count/test_rainflow.py" line="45" time="0.007" /><testcase classname="tests.cycle_count.test_rainflow" name="test_concatenate[input_11-input_21-expected1-error1]" file="tests/cycle_count/test_rainflow.py" line="45" time="0.001" /><testcase classname="tests.cycle_count.test_rainflow" name="test_concatenate[input_12-0-expected2-error2]" file="tests/cycle_count/test_rainflow.py" line="45" time="0.001" /><testcase classname="tests.cycle_count.test_rainflow" name="test_findcross_simple[x0-0-u-expected0-error0]" file="tests/cycle_count/test_rainflow.py" line="78" time="0.001" /><testcase classname="tests.cycle_count.test_rainflow" name="test_findcross_simple[x1-0-d-expected1-error1]" file="tests/cycle_count/test_rainflow.py" line="78" time="0.001" /><testcase classname="tests.cycle_count.test_rainflow" name="test_findcross_simple[x2-0-d-expected2-error2]" file="tests/cycle_count/test_rainflow.py" line="78" time="0.001" /><testcase classname="tests.cycle_count.test_rainflow" name="test_findcross_simple[x3-0-u-expected3-error3]" file="tests/cycle_count/test_rainflow.py" line="78" time="0.002" /><testcase classname="tests.cycle_count.test_rainflow" name="test_findcross_simple[x4-0-None-expected4-error4]" file="tests/cycle_count/test_rainflow.py" line="78" time="0.002" /><testcase classname="tests.cycle_count.test_rainflow" name="test_findcross_simple[x5-0-None-expected5-error5]" file="tests/cycle_count/test_rainflow.py" line="78" time="0.001" /><testcase classname="tests.cycle_count.test_rainflow" name="test_findcross" file="tests/cycle_count/test_rainflow.py" line="121" time="0.002" /><testcase classname="tests.cycle_count.test_rainflow" name="test_findextrema" file="tests/cycle_count/test_rainflow.py" line="153" time="0.001" /><testcase classname="tests.cycle_count.test_rainflow" name="test_findtp" file="tests/cycle_count/test_rainflow.py" line="167" time="0.002" /><testcase classname="tests.cycle_count.test_rainflow" name="test_rainflow[trng_pts0-None]" file="tests/cycle_count/test_rainflow.py" line="251" time="0.002" /><testcase classname="tests.cycle_count.test_rainflow" name="test_rainflow[trng_pts1-time1]" file="tests/cycle_count/test_rainflow.py" line="251" time="0.002" /><testcase classname="tests.damage.test_crack_growth.TestCrackGrowth" name="test_paris_law_constant_load[3.1-1.2e-14-cc_clustered0-cc_divided0-1.0-112.3]" file="tests/damage/test_crack_growth.py" line="50" time="8.490" /><testcase classname="tests.damage.test_crack_growth.TestCrackGrowth" name="test_paris_law_constant_load[3.1-1.2e-14-cc_clustered0-cc_divided0-1.0-540.999]" file="tests/damage/test_crack_growth.py" line="50" time="0.213" /><testcase classname="tests.damage.test_crack_growth.TestCrackGrowth" name="test_paris_law_constant_load[3.1-1.2e-14-cc_clustered0-cc_divided0-1.0-1000.0]" file="tests/damage/test_crack_growth.py" line="50" time="0.063" /><testcase classname="tests.damage.test_crack_growth.TestCrackGrowth" name="test_paris_law_constant_load[3.1-1.2e-14-cc_clustered0-cc_divided0-5.0-112.3]" file="tests/damage/test_crack_growth.py" line="50" time="0.209" /><testcase classname="tests.damage.test_crack_growth.TestCrackGrowth" name="test_paris_law_constant_load[3.1-1.2e-14-cc_clustered0-cc_divided0-5.0-540.999]" file="tests/damage/test_crack_growth.py" line="50" time="0.149" /><testcase classname="tests.damage.test_crack_growth.TestCrackGrowth" name="test_paris_law_constant_load[3.1-1.2e-14-cc_clustered0-cc_divided0-5.0-1000.0]" file="tests/damage/test_crack_growth.py" line="50" time="0.034" /><testcase classname="tests.damage.test_crack_growth.TestCrackGrowth" name="test_paris_law_constant_load[3.1-1.2e-14-cc_clustered0-cc_divided0-9.0-112.3]" file="tests/damage/test_crack_growth.py" line="50" time="0.203" /><testcase classname="tests.damage.test_crack_growth.TestCrackGrowth" name="test_paris_law_constant_load[3.1-1.2e-14-cc_clustered0-cc_divided0-9.0-540.999]" file="tests/damage/test_crack_growth.py" line="50" time="0.126" /><testcase classname="tests.damage.test_crack_growth.TestCrackGrowth" name="test_paris_law_constant_load[3.1-1.2e-14-cc_clustered0-cc_divided0-9.0-1000.0]" file="tests/damage/test_crack_growth.py" line="50" time="0.030" /><testcase classname="tests.damage.test_crack_growth.TestCrackGrowth" name="test_paris_law_constant_load[4.2-1.1e-17-cc_clustered0-cc_divided0-1.0-112.3]" file="tests/damage/test_crack_growth.py" line="50" time="0.220" /><testcase classname="tests.damage.test_crack_growth.TestCrackGrowth" name="test_paris_law_constant_load[4.2-1.1e-17-cc_clustered0-cc_divided0-1.0-540.999]" file="tests/damage/test_crack_growth.py" line="50" time="0.104" /><testcase classname="tests.damage.test_crack_growth.TestCrackGrowth" name="test_paris_law_constant_load[4.2-1.1e-17-cc_clustered0-cc_divided0-1.0-1000.0]" file="tests/damage/test_crack_growth.py" line="50" time="0.027" /><testcase classname="tests.damage.test_crack_growth.TestCrackGrowth" name="test_paris_law_constant_load[4.2-1.1e-17-cc_clustered0-cc_divided0-5.0-112.3]" file="tests/damage/test_crack_growth.py" line="50" time="0.221" /><testcase classname="tests.damage.test_crack_growth.TestCrackGrowth" name="test_paris_law_constant_load[4.2-1.1e-17-cc_clustered0-cc_divided0-5.0-540.999]" file="tests/damage/test_crack_growth.py" line="50" time="0.032" /><testcase classname="tests.damage.test_crack_growth.TestCrackGrowth" name="test_paris_law_constant_load[4.2-1.1e-17-cc_clustered0-cc_divided0-5.0-1000.0]" file="tests/damage/test_crack_growth.py" line="50" time="0.017" /><testcase classname="tests.damage.test_crack_growth.TestCrackGrowth" name="test_paris_law_constant_load[4.2-1.1e-17-cc_clustered0-cc_divided0-9.0-112.3]" file="tests/damage/test_crack_growth.py" line="50" time="0.210" /><testcase classname="tests.damage.test_crack_growth.TestCrackGrowth" name="test_paris_law_constant_load[4.2-1.1e-17-cc_clustered0-cc_divided0-9.0-540.999]" file="tests/damage/test_crack_growth.py" line="50" time="0.022" /><testcase classname="tests.damage.test_crack_growth.TestCrackGrowth" name="test_paris_law_constant_load[4.2-1.1e-17-cc_clustered0-cc_divided0-9.0-1000.0]" file="tests/damage/test_crack_growth.py" line="50" time="0.014" /><testcase classname="tests.damage.test_crack_growth.TestCrackGrowth" name="test_paris_law_constant_load[5.0-1e-20-cc_clustered0-cc_divided0-1.0-112.3]" file="tests/damage/test_crack_growth.py" line="50" time="0.212" /><testcase classname="tests.damage.test_crack_growth.TestCrackGrowth" name="test_paris_law_constant_load[5.0-1e-20-cc_clustered0-cc_divided0-1.0-540.999]" file="tests/damage/test_crack_growth.py" line="50" time="0.222" /><testcase classname="tests.damage.test_crack_growth.TestCrackGrowth" name="test_paris_law_constant_load[5.0-1e-20-cc_clustered0-cc_divided0-1.0-1000.0]" file="tests/damage/test_crack_growth.py" line="50" time="0.029" /><testcase classname="tests.damage.test_crack_growth.TestCrackGrowth" name="test_paris_law_constant_load[5.0-1e-20-cc_clustered0-cc_divided0-5.0-112.3]" file="tests/damage/test_crack_growth.py" line="50" time="0.211" /><testcase classname="tests.damage.test_crack_growth.TestCrackGrowth" name="test_paris_law_constant_load[5.0-1e-20-cc_clustered0-cc_divided0-5.0-540.999]" file="tests/damage/test_crack_growth.py" line="50" time="0.043" /><testcase classname="tests.damage.test_crack_growth.TestCrackGrowth" name="test_paris_law_constant_load[5.0-1e-20-cc_clustered0-cc_divided0-5.0-1000.0]" file="tests/damage/test_crack_growth.py" line="50" time="0.019" /><testcase classname="tests.damage.test_crack_growth.TestCrackGrowth" name="test_paris_law_constant_load[5.0-1e-20-cc_clustered0-cc_divided0-9.0-112.3]" file="tests/damage/test_crack_growth.py" line="50" time="0.213" /><testcase classname="tests.damage.test_crack_growth.TestCrackGrowth" name="test_paris_law_constant_load[5.0-1e-20-cc_clustered0-cc_divided0-9.0-540.999]" file="tests/damage/test_crack_growth.py" line="50" time="0.032" /><testcase classname="tests.damage.test_crack_growth.TestCrackGrowth" name="test_paris_law_constant_load[5.0-1e-20-cc_clustered0-cc_divided0-9.0-1000.0]" file="tests/damage/test_crack_growth.py" line="50" time="0.016" /><testcase classname="tests.damage.test_crack_growth.TestCrackGrowth" name="test_paris_law_with_limits_constant_load[3.1-1.2e-14-cc_clustered0-1.0-112.3]" file="tests/damage/test_crack_growth.py" line="122" time="0.194" /><testcase classname="tests.damage.test_crack_growth.TestCrackGrowth" name="test_paris_law_with_limits_constant_load[3.1-1.2e-14-cc_clustered0-1.0-540.999]" file="tests/damage/test_crack_growth.py" line="122" time="0.161" /><testcase classname="tests.damage.test_crack_growth.TestCrackGrowth" name="test_paris_law_with_limits_constant_load[3.1-1.2e-14-cc_clustered0-1.0-1000.0]" file="tests/damage/test_crack_growth.py" line="122" time="0.091" /><testcase classname="tests.damage.test_crack_growth.TestCrackGrowth" name="test_paris_law_with_limits_constant_load[3.1-1.2e-14-cc_clustered0-5.0-112.3]" file="tests/damage/test_crack_growth.py" line="122" time="0.187" /><testcase classname="tests.damage.test_crack_growth.TestCrackGrowth" name="test_paris_law_with_limits_constant_load[3.1-1.2e-14-cc_clustered0-5.0-540.999]" file="tests/damage/test_crack_growth.py" line="122" time="0.113" /><testcase classname="tests.damage.test_crack_growth.TestCrackGrowth" name="test_paris_law_with_limits_constant_load[3.1-1.2e-14-cc_clustered0-5.0-1000.0]" file="tests/damage/test_crack_growth.py" line="122" time="0.080" /><testcase classname="tests.damage.test_crack_growth.TestCrackGrowth" name="test_paris_law_with_limits_constant_load[3.1-1.2e-14-cc_clustered0-9.0-112.3]" file="tests/damage/test_crack_growth.py" line="122" time="0.201" /><testcase classname="tests.damage.test_crack_growth.TestCrackGrowth" name="test_paris_law_with_limits_constant_load[3.1-1.2e-14-cc_clustered0-9.0-540.999]" file="tests/damage/test_crack_growth.py" line="122" time="0.108" /><testcase classname="tests.damage.test_crack_growth.TestCrackGrowth" name="test_paris_law_with_limits_constant_load[3.1-1.2e-14-cc_clustered0-9.0-1000.0]" file="tests/damage/test_crack_growth.py" line="122" time="0.072" /><testcase classname="tests.damage.test_crack_growth.TestCrackGrowth" name="test_paris_law_with_limits_constant_load[4.2-1.1e-17-cc_clustered0-1.0-112.3]" file="tests/damage/test_crack_growth.py" line="122" time="0.193" /><testcase classname="tests.damage.test_crack_growth.TestCrackGrowth" name="test_paris_law_with_limits_constant_load[4.2-1.1e-17-cc_clustered0-1.0-540.999]" file="tests/damage/test_crack_growth.py" line="122" time="0.110" /><testcase classname="tests.damage.test_crack_growth.TestCrackGrowth" name="test_paris_law_with_limits_constant_load[4.2-1.1e-17-cc_clustered0-1.0-1000.0]" file="tests/damage/test_crack_growth.py" line="122" time="0.064" /><testcase classname="tests.damage.test_crack_growth.TestCrackGrowth" name="test_paris_law_with_limits_constant_load[4.2-1.1e-17-cc_clustered0-5.0-112.3]" file="tests/damage/test_crack_growth.py" line="122" time="0.194" /><testcase classname="tests.damage.test_crack_growth.TestCrackGrowth" name="test_paris_law_with_limits_constant_load[4.2-1.1e-17-cc_clustered0-5.0-540.999]" file="tests/damage/test_crack_growth.py" line="122" time="0.074" /><testcase classname="tests.damage.test_crack_growth.TestCrackGrowth" name="test_paris_law_with_limits_constant_load[4.2-1.1e-17-cc_clustered0-5.0-1000.0]" file="tests/damage/test_crack_growth.py" line="122" time="0.070" /><testcase classname="tests.damage.test_crack_growth.TestCrackGrowth" name="test_paris_law_with_limits_constant_load[4.2-1.1e-17-cc_clustered0-9.0-112.3]" file="tests/damage/test_crack_growth.py" line="122" time="0.195" /><testcase classname="tests.damage.test_crack_growth.TestCrackGrowth" name="test_paris_law_with_limits_constant_load[4.2-1.1e-17-cc_clustered0-9.0-540.999]" file="tests/damage/test_crack_growth.py" line="122" time="0.064" /><testcase classname="tests.damage.test_crack_growth.TestCrackGrowth" name="test_paris_law_with_limits_constant_load[4.2-1.1e-17-cc_clustered0-9.0-1000.0]" file="tests/damage/test_crack_growth.py" line="122" time="0.068" /><testcase classname="tests.damage.test_crack_growth.TestCrackGrowth" name="test_paris_law_with_limits_constant_load[5.0-1e-20-cc_clustered0-1.0-112.3]" file="tests/damage/test_crack_growth.py" line="122" time="0.180" /><testcase classname="tests.damage.test_crack_growth.TestCrackGrowth" name="test_paris_law_with_limits_constant_load[5.0-1e-20-cc_clustered0-1.0-540.999]" file="tests/damage/test_crack_growth.py" line="122" time="0.169" /><testcase classname="tests.damage.test_crack_growth.TestCrackGrowth" name="test_paris_law_with_limits_constant_load[5.0-1e-20-cc_clustered0-1.0-1000.0]" file="tests/damage/test_crack_growth.py" line="122" time="0.071" /><testcase classname="tests.damage.test_crack_growth.TestCrackGrowth" name="test_paris_law_with_limits_constant_load[5.0-1e-20-cc_clustered0-5.0-112.3]" file="tests/damage/test_crack_growth.py" line="122" time="0.176" /><testcase classname="tests.damage.test_crack_growth.TestCrackGrowth" name="test_paris_law_with_limits_constant_load[5.0-1e-20-cc_clustered0-5.0-540.999]" file="tests/damage/test_crack_growth.py" line="122" time="0.080" /><testcase classname="tests.damage.test_crack_growth.TestCrackGrowth" name="test_paris_law_with_limits_constant_load[5.0-1e-20-cc_clustered0-5.0-1000.0]" file="tests/damage/test_crack_growth.py" line="122" time="0.063" /><testcase classname="tests.damage.test_crack_growth.TestCrackGrowth" name="test_paris_law_with_limits_constant_load[5.0-1e-20-cc_clustered0-9.0-112.3]" file="tests/damage/test_crack_growth.py" line="122" time="0.186" /><testcase classname="tests.damage.test_crack_growth.TestCrackGrowth" name="test_paris_law_with_limits_constant_load[5.0-1e-20-cc_clustered0-9.0-540.999]" file="tests/damage/test_crack_growth.py" line="122" time="0.068" /><testcase classname="tests.damage.test_crack_growth.TestCrackGrowth" name="test_paris_law_with_limits_constant_load[5.0-1e-20-cc_clustered0-9.0-1000.0]" file="tests/damage/test_crack_growth.py" line="122" time="0.061" /><testcase classname="tests.damage.test_crack_growth.TestCrackGrowth" name="test_paris_law_inconsistent_units[cc_clustered0]" file="tests/damage/test_crack_growth.py" line="186" time="0.001" /><testcase classname="tests.damage.test_stress_life.TestPalmgrenMiner" name="test_palmgren_miner_constant_load[sn_curve0]" file="tests/damage/test_stress_life.py" line="133" time="2.717" /><testcase classname="tests.damage.test_stress_life.TestPalmgrenMiner" name="test_palmgren_miner_constant_load[sn_curve1]" file="tests/damage/test_stress_life.py" line="133" time="1.060" /><testcase classname="tests.damage.test_stress_life.TestPalmgrenMiner" name="test_palmgren_miner_constant_load[sn_curve2]" file="tests/damage/test_stress_life.py" line="133" time="0.856" /><testcase classname="tests.damage.test_stress_life.TestPalmgrenMiner" name="test_palmgren_miner_constant_load[sn_curve3]" file="tests/damage/test_stress_life.py" line="133" time="0.763" /><testcase classname="tests.damage.test_stress_life.TestPalmgrenMiner" name="test_palmgren_miner_variable_load[sn_curve0]" file="tests/damage/test_stress_life.py" line="176" time="0.083" /><testcase classname="tests.damage.test_stress_life.TestPalmgrenMiner" name="test_palmgren_miner_variable_load[sn_curve1]" file="tests/damage/test_stress_life.py" line="176" time="0.108" /><testcase classname="tests.damage.test_stress_life.TestPalmgrenMiner" name="test_palmgren_miner_variable_load[sn_curve2]" file="tests/damage/test_stress_life.py" line="176" time="0.098" /><testcase classname="tests.damage.test_stress_life.TestPalmgrenMiner" name="test_palmgren_miner_variable_load[sn_curve3]" file="tests/damage/test_stress_life.py" line="176" time="0.078" /><testcase classname="tests.damage.test_stress_life.TestPalmgrenMiner" name="test_damage_equivalent_stress[1000000.0-3-cc0]" file="tests/damage/test_stress_life.py" line="200" time="0.006" /><testcase classname="tests.damage.test_stress_life.TestPalmgrenMiner" name="test_damage_equivalent_stress[1000000.0-3-cc1]" file="tests/damage/test_stress_life.py" line="200" time="0.003" /><testcase classname="tests.damage.test_stress_life.TestPalmgrenMiner" name="test_damage_equivalent_stress[1000000.0-3-cc2]" file="tests/damage/test_stress_life.py" line="200" time="0.002" /><testcase classname="tests.damage.test_stress_life.TestPalmgrenMiner" name="test_damage_equivalent_stress[1000000.0-3-cc3]" file="tests/damage/test_stress_life.py" line="200" time="0.001" /><testcase classname="tests.damage.test_stress_life.TestPalmgrenMiner" name="test_damage_equivalent_stress[1000000.0-4-cc0]" file="tests/damage/test_stress_life.py" line="200" time="0.002" /><testcase classname="tests.damage.test_stress_life.TestPalmgrenMiner" name="test_damage_equivalent_stress[1000000.0-4-cc1]" file="tests/damage/test_stress_life.py" line="200" time="0.002" /><testcase classname="tests.damage.test_stress_life.TestPalmgrenMiner" name="test_damage_equivalent_stress[1000000.0-4-cc2]" file="tests/damage/test_stress_life.py" line="200" time="0.002" /><testcase classname="tests.damage.test_stress_life.TestPalmgrenMiner" name="test_damage_equivalent_stress[1000000.0-4-cc3]" file="tests/damage/test_stress_life.py" line="200" time="0.002" /><testcase classname="tests.damage.test_stress_life.TestPalmgrenMiner" name="test_damage_equivalent_stress[1000000.0-5-cc0]" file="tests/damage/test_stress_life.py" line="200" time="0.001" /><testcase classname="tests.damage.test_stress_life.TestPalmgrenMiner" name="test_damage_equivalent_stress[1000000.0-5-cc1]" file="tests/damage/test_stress_life.py" line="200" time="0.001" /><testcase classname="tests.damage.test_stress_life.TestPalmgrenMiner" name="test_damage_equivalent_stress[1000000.0-5-cc2]" file="tests/damage/test_stress_life.py" line="200" time="0.001" /><testcase classname="tests.damage.test_stress_life.TestPalmgrenMiner" name="test_damage_equivalent_stress[1000000.0-5-cc3]" file="tests/damage/test_stress_life.py" line="200" time="0.002" /><testcase classname="tests.damage.test_stress_life.TestPalmgrenMiner" name="test_damage_equivalent_stress[2000000.0-3-cc0]" file="tests/damage/test_stress_life.py" line="200" time="0.001" /><testcase classname="tests.damage.test_stress_life.TestPalmgrenMiner" name="test_damage_equivalent_stress[2000000.0-3-cc1]" file="tests/damage/test_stress_life.py" line="200" time="0.001" /><testcase classname="tests.damage.test_stress_life.TestPalmgrenMiner" name="test_damage_equivalent_stress[2000000.0-3-cc2]" file="tests/damage/test_stress_life.py" line="200" time="0.001" /><testcase classname="tests.damage.test_stress_life.TestPalmgrenMiner" name="test_damage_equivalent_stress[2000000.0-3-cc3]" file="tests/damage/test_stress_life.py" line="200" time="0.001" /><testcase classname="tests.damage.test_stress_life.TestPalmgrenMiner" name="test_damage_equivalent_stress[2000000.0-4-cc0]" file="tests/damage/test_stress_life.py" line="200" time="0.001" /><testcase classname="tests.damage.test_stress_life.TestPalmgrenMiner" name="test_damage_equivalent_stress[2000000.0-4-cc1]" file="tests/damage/test_stress_life.py" line="200" time="0.001" /><testcase classname="tests.damage.test_stress_life.TestPalmgrenMiner" name="test_damage_equivalent_stress[2000000.0-4-cc2]" file="tests/damage/test_stress_life.py" line="200" time="0.001" /><testcase classname="tests.damage.test_stress_life.TestPalmgrenMiner" name="test_damage_equivalent_stress[2000000.0-4-cc3]" file="tests/damage/test_stress_life.py" line="200" time="0.001" /><testcase classname="tests.damage.test_stress_life.TestPalmgrenMiner" name="test_damage_equivalent_stress[2000000.0-5-cc0]" file="tests/damage/test_stress_life.py" line="200" time="0.001" /><testcase classname="tests.damage.test_stress_life.TestPalmgrenMiner" name="test_damage_equivalent_stress[2000000.0-5-cc1]" file="tests/damage/test_stress_life.py" line="200" time="0.001" /><testcase classname="tests.damage.test_stress_life.TestPalmgrenMiner" name="test_damage_equivalent_stress[2000000.0-5-cc2]" file="tests/damage/test_stress_life.py" line="200" time="0.001" /><testcase classname="tests.damage.test_stress_life.TestPalmgrenMiner" name="test_damage_equivalent_stress[2000000.0-5-cc3]" file="tests/damage/test_stress_life.py" line="200" time="0.001" /><testcase classname="tests.damage.test_stress_life.TestPalmgrenMiner" name="test_damage_equivalent_stress[10000000.0-3-cc0]" file="tests/damage/test_stress_life.py" line="200" time="0.001" /><testcase classname="tests.damage.test_stress_life.TestPalmgrenMiner" name="test_damage_equivalent_stress[10000000.0-3-cc1]" file="tests/damage/test_stress_life.py" line="200" time="0.001" /><testcase classname="tests.damage.test_stress_life.TestPalmgrenMiner" name="test_damage_equivalent_stress[10000000.0-3-cc2]" file="tests/damage/test_stress_life.py" line="200" time="0.001" /><testcase classname="tests.damage.test_stress_life.TestPalmgrenMiner" name="test_damage_equivalent_stress[10000000.0-3-cc3]" file="tests/damage/test_stress_life.py" line="200" time="0.001" /><testcase classname="tests.damage.test_stress_life.TestPalmgrenMiner" name="test_damage_equivalent_stress[10000000.0-4-cc0]" file="tests/damage/test_stress_life.py" line="200" time="0.001" /><testcase classname="tests.damage.test_stress_life.TestPalmgrenMiner" name="test_damage_equivalent_stress[10000000.0-4-cc1]" file="tests/damage/test_stress_life.py" line="200" time="0.001" /><testcase classname="tests.damage.test_stress_life.TestPalmgrenMiner" name="test_damage_equivalent_stress[10000000.0-4-cc2]" file="tests/damage/test_stress_life.py" line="200" time="0.002" /><testcase classname="tests.damage.test_stress_life.TestPalmgrenMiner" name="test_damage_equivalent_stress[10000000.0-4-cc3]" file="tests/damage/test_stress_life.py" line="200" time="0.001" /><testcase classname="tests.damage.test_stress_life.TestPalmgrenMiner" name="test_damage_equivalent_stress[10000000.0-5-cc0]" file="tests/damage/test_stress_life.py" line="200" time="0.001" /><testcase classname="tests.damage.test_stress_life.TestPalmgrenMiner" name="test_damage_equivalent_stress[10000000.0-5-cc1]" file="tests/damage/test_stress_life.py" line="200" time="0.001" /><testcase classname="tests.damage.test_stress_life.TestPalmgrenMiner" name="test_damage_equivalent_stress[10000000.0-5-cc2]" file="tests/damage/test_stress_life.py" line="200" time="0.001" /><testcase classname="tests.damage.test_stress_life.TestPalmgrenMiner" name="test_damage_equivalent_stress[10000000.0-5-cc3]" file="tests/damage/test_stress_life.py" line="200" time="0.001" /><testcase classname="tests.damage.test_stress_life.TestPalmgrenMiner" name="test_damage_equivalent_moment[1000000.0-3-cc0-1050-1000]" file="tests/damage/test_stress_life.py" line="233" time="0.001" /><testcase classname="tests.damage.test_stress_life.TestPalmgrenMiner" name="test_damage_equivalent_moment[1000000.0-3-cc0-1600-1500]" file="tests/damage/test_stress_life.py" line="233" time="0.001" /><testcase classname="tests.damage.test_stress_life.TestPalmgrenMiner" name="test_damage_equivalent_moment[1000000.0-3-cc0-2000-1800]" file="tests/damage/test_stress_life.py" line="233" time="0.001" /><testcase classname="tests.damage.test_stress_life.TestPalmgrenMiner" name="test_damage_equivalent_moment[1000000.0-3-cc1-1050-1000]" file="tests/damage/test_stress_life.py" line="233" time="0.002" /><testcase classname="tests.damage.test_stress_life.TestPalmgrenMiner" name="test_damage_equivalent_moment[1000000.0-3-cc1-1600-1500]" file="tests/damage/test_stress_life.py" line="233" time="0.002" /><testcase classname="tests.damage.test_stress_life.TestPalmgrenMiner" name="test_damage_equivalent_moment[1000000.0-3-cc1-2000-1800]" file="tests/damage/test_stress_life.py" line="233" time="0.001" /><testcase classname="tests.damage.test_stress_life.TestPalmgrenMiner" name="test_damage_equivalent_moment[1000000.0-3-cc2-1050-1000]" file="tests/damage/test_stress_life.py" line="233" time="0.001" /><testcase classname="tests.damage.test_stress_life.TestPalmgrenMiner" name="test_damage_equivalent_moment[1000000.0-3-cc2-1600-1500]" file="tests/damage/test_stress_life.py" line="233" time="0.001" /><testcase classname="tests.damage.test_stress_life.TestPalmgrenMiner" name="test_damage_equivalent_moment[1000000.0-3-cc2-2000-1800]" file="tests/damage/test_stress_life.py" line="233" time="0.001" /><testcase classname="tests.damage.test_stress_life.TestPalmgrenMiner" name="test_damage_equivalent_moment[1000000.0-4-cc0-1050-1000]" file="tests/damage/test_stress_life.py" line="233" time="0.002" /><testcase classname="tests.damage.test_stress_life.TestPalmgrenMiner" name="test_damage_equivalent_moment[1000000.0-4-cc0-1600-1500]" file="tests/damage/test_stress_life.py" line="233" time="0.002" /><testcase classname="tests.damage.test_stress_life.TestPalmgrenMiner" name="test_damage_equivalent_moment[1000000.0-4-cc0-2000-1800]" file="tests/damage/test_stress_life.py" line="233" time="0.001" /><testcase classname="tests.damage.test_stress_life.TestPalmgrenMiner" name="test_damage_equivalent_moment[1000000.0-4-cc1-1050-1000]" file="tests/damage/test_stress_life.py" line="233" time="0.002" /><testcase classname="tests.damage.test_stress_life.TestPalmgrenMiner" name="test_damage_equivalent_moment[1000000.0-4-cc1-1600-1500]" file="tests/damage/test_stress_life.py" line="233" time="0.001" /><testcase classname="tests.damage.test_stress_life.TestPalmgrenMiner" name="test_damage_equivalent_moment[1000000.0-4-cc1-2000-1800]" file="tests/damage/test_stress_life.py" line="233" time="0.002" /><testcase classname="tests.damage.test_stress_life.TestPalmgrenMiner" name="test_damage_equivalent_moment[1000000.0-4-cc2-1050-1000]" file="tests/damage/test_stress_life.py" line="233" time="0.002" /><testcase classname="tests.damage.test_stress_life.TestPalmgrenMiner" name="test_damage_equivalent_moment[1000000.0-4-cc2-1600-1500]" file="tests/damage/test_stress_life.py" line="233" time="0.002" /><testcase classname="tests.damage.test_stress_life.TestPalmgrenMiner" name="test_damage_equivalent_moment[1000000.0-4-cc2-2000-1800]" file="tests/damage/test_stress_life.py" line="233" time="0.001" /><testcase classname="tests.damage.test_stress_life.TestPalmgrenMiner" name="test_damage_equivalent_moment[1000000.0-5-cc0-1050-1000]" file="tests/damage/test_stress_life.py" line="233" time="0.001" /><testcase classname="tests.damage.test_stress_life.TestPalmgrenMiner" name="test_damage_equivalent_moment[1000000.0-5-cc0-1600-1500]" file="tests/damage/test_stress_life.py" line="233" time="0.001" /><testcase classname="tests.damage.test_stress_life.TestPalmgrenMiner" name="test_damage_equivalent_moment[1000000.0-5-cc0-2000-1800]" file="tests/damage/test_stress_life.py" line="233" time="0.001" /><testcase classname="tests.damage.test_stress_life.TestPalmgrenMiner" name="test_damage_equivalent_moment[1000000.0-5-cc1-1050-1000]" file="tests/damage/test_stress_life.py" line="233" time="0.001" /><testcase classname="tests.damage.test_stress_life.TestPalmgrenMiner" name="test_damage_equivalent_moment[1000000.0-5-cc1-1600-1500]" file="tests/damage/test_stress_life.py" line="233" time="0.002" /><testcase classname="tests.damage.test_stress_life.TestPalmgrenMiner" name="test_damage_equivalent_moment[1000000.0-5-cc1-2000-1800]" file="tests/damage/test_stress_life.py" line="233" time="0.001" /><testcase classname="tests.damage.test_stress_life.TestPalmgrenMiner" name="test_damage_equivalent_moment[1000000.0-5-cc2-1050-1000]" file="tests/damage/test_stress_life.py" line="233" time="0.001" /><testcase classname="tests.damage.test_stress_life.TestPalmgrenMiner" name="test_damage_equivalent_moment[1000000.0-5-cc2-1600-1500]" file="tests/damage/test_stress_life.py" line="233" time="0.001" /><testcase classname="tests.damage.test_stress_life.TestPalmgrenMiner" name="test_damage_equivalent_moment[1000000.0-5-cc2-2000-1800]" file="tests/damage/test_stress_life.py" line="233" time="0.001" /><testcase classname="tests.damage.test_stress_life.TestPalmgrenMiner" name="test_damage_equivalent_moment[2000000.0-3-cc0-1050-1000]" file="tests/damage/test_stress_life.py" line="233" time="0.001" /><testcase classname="tests.damage.test_stress_life.TestPalmgrenMiner" name="test_damage_equivalent_moment[2000000.0-3-cc0-1600-1500]" file="tests/damage/test_stress_life.py" line="233" time="0.001" /><testcase classname="tests.damage.test_stress_life.TestPalmgrenMiner" name="test_damage_equivalent_moment[2000000.0-3-cc0-2000-1800]" file="tests/damage/test_stress_life.py" line="233" time="0.001" /><testcase classname="tests.damage.test_stress_life.TestPalmgrenMiner" name="test_damage_equivalent_moment[2000000.0-3-cc1-1050-1000]" file="tests/damage/test_stress_life.py" line="233" time="0.001" /><testcase classname="tests.damage.test_stress_life.TestPalmgrenMiner" name="test_damage_equivalent_moment[2000000.0-3-cc1-1600-1500]" file="tests/damage/test_stress_life.py" line="233" time="0.002" /><testcase classname="tests.damage.test_stress_life.TestPalmgrenMiner" name="test_damage_equivalent_moment[2000000.0-3-cc1-2000-1800]" file="tests/damage/test_stress_life.py" line="233" time="0.002" /><testcase classname="tests.damage.test_stress_life.TestPalmgrenMiner" name="test_damage_equivalent_moment[2000000.0-3-cc2-1050-1000]" file="tests/damage/test_stress_life.py" line="233" time="0.002" /><testcase classname="tests.damage.test_stress_life.TestPalmgrenMiner" name="test_damage_equivalent_moment[2000000.0-3-cc2-1600-1500]" file="tests/damage/test_stress_life.py" line="233" time="0.002" /><testcase classname="tests.damage.test_stress_life.TestPalmgrenMiner" name="test_damage_equivalent_moment[2000000.0-3-cc2-2000-1800]" file="tests/damage/test_stress_life.py" line="233" time="0.001" /><testcase classname="tests.damage.test_stress_life.TestPalmgrenMiner" name="test_damage_equivalent_moment[2000000.0-4-cc0-1050-1000]" file="tests/damage/test_stress_life.py" line="233" time="0.002" /><testcase classname="tests.damage.test_stress_life.TestPalmgrenMiner" name="test_damage_equivalent_moment[2000000.0-4-cc0-1600-1500]" file="tests/damage/test_stress_life.py" line="233" time="0.001" /><testcase classname="tests.damage.test_stress_life.TestPalmgrenMiner" name="test_damage_equivalent_moment[2000000.0-4-cc0-2000-1800]" file="tests/damage/test_stress_life.py" line="233" time="0.001" /><testcase classname="tests.damage.test_stress_life.TestPalmgrenMiner" name="test_damage_equivalent_moment[2000000.0-4-cc1-1050-1000]" file="tests/damage/test_stress_life.py" line="233" time="0.001" /><testcase classname="tests.damage.test_stress_life.TestPalmgrenMiner" name="test_damage_equivalent_moment[2000000.0-4-cc1-1600-1500]" file="tests/damage/test_stress_life.py" line="233" time="0.001" /><testcase classname="tests.damage.test_stress_life.TestPalmgrenMiner" name="test_damage_equivalent_moment[2000000.0-4-cc1-2000-1800]" file="tests/damage/test_stress_life.py" line="233" time="0.001" /><testcase classname="tests.damage.test_stress_life.TestPalmgrenMiner" name="test_damage_equivalent_moment[2000000.0-4-cc2-1050-1000]" file="tests/damage/test_stress_life.py" line="233" time="0.001" /><testcase classname="tests.damage.test_stress_life.TestPalmgrenMiner" name="test_damage_equivalent_moment[2000000.0-4-cc2-1600-1500]" file="tests/damage/test_stress_life.py" line="233" time="0.001" /><testcase classname="tests.damage.test_stress_life.TestPalmgrenMiner" name="test_damage_equivalent_moment[2000000.0-4-cc2-2000-1800]" file="tests/damage/test_stress_life.py" line="233" time="0.002" /><testcase classname="tests.damage.test_stress_life.TestPalmgrenMiner" name="test_damage_equivalent_moment[2000000.0-5-cc0-1050-1000]" file="tests/damage/test_stress_life.py" line="233" time="0.001" /><testcase classname="tests.damage.test_stress_life.TestPalmgrenMiner" name="test_damage_equivalent_moment[2000000.0-5-cc0-1600-1500]" file="tests/damage/test_stress_life.py" line="233" time="0.001" /><testcase classname="tests.damage.test_stress_life.TestPalmgrenMiner" name="test_damage_equivalent_moment[2000000.0-5-cc0-2000-1800]" file="tests/damage/test_stress_life.py" line="233" time="0.001" /><testcase classname="tests.damage.test_stress_life.TestPalmgrenMiner" name="test_damage_equivalent_moment[2000000.0-5-cc1-1050-1000]" file="tests/damage/test_stress_life.py" line="233" time="0.001" /><testcase classname="tests.damage.test_stress_life.TestPalmgrenMiner" name="test_damage_equivalent_moment[2000000.0-5-cc1-1600-1500]" file="tests/damage/test_stress_life.py" line="233" time="0.001" /><testcase classname="tests.damage.test_stress_life.TestPalmgrenMiner" name="test_damage_equivalent_moment[2000000.0-5-cc1-2000-1800]" file="tests/damage/test_stress_life.py" line="233" time="0.001" /><testcase classname="tests.damage.test_stress_life.TestPalmgrenMiner" name="test_damage_equivalent_moment[2000000.0-5-cc2-1050-1000]" file="tests/damage/test_stress_life.py" line="233" time="0.002" /><testcase classname="tests.damage.test_stress_life.TestPalmgrenMiner" name="test_damage_equivalent_moment[2000000.0-5-cc2-1600-1500]" file="tests/damage/test_stress_life.py" line="233" time="0.002" /><testcase classname="tests.damage.test_stress_life.TestPalmgrenMiner" name="test_damage_equivalent_moment[2000000.0-5-cc2-2000-1800]" file="tests/damage/test_stress_life.py" line="233" time="0.001" /><testcase classname="tests.damage.test_stress_life.TestPalmgrenMiner" name="test_damage_equivalent_moment[10000000.0-3-cc0-1050-1000]" file="tests/damage/test_stress_life.py" line="233" time="0.001" /><testcase classname="tests.damage.test_stress_life.TestPalmgrenMiner" name="test_damage_equivalent_moment[10000000.0-3-cc0-1600-1500]" file="tests/damage/test_stress_life.py" line="233" time="0.001" /><testcase classname="tests.damage.test_stress_life.TestPalmgrenMiner" name="test_damage_equivalent_moment[10000000.0-3-cc0-2000-1800]" file="tests/damage/test_stress_life.py" line="233" time="0.001" /><testcase classname="tests.damage.test_stress_life.TestPalmgrenMiner" name="test_damage_equivalent_moment[10000000.0-3-cc1-1050-1000]" file="tests/damage/test_stress_life.py" line="233" time="0.001" /><testcase classname="tests.damage.test_stress_life.TestPalmgrenMiner" name="test_damage_equivalent_moment[10000000.0-3-cc1-1600-1500]" file="tests/damage/test_stress_life.py" line="233" time="0.002" /><testcase classname="tests.damage.test_stress_life.TestPalmgrenMiner" name="test_damage_equivalent_moment[10000000.0-3-cc1-2000-1800]" file="tests/damage/test_stress_life.py" line="233" time="0.002" /><testcase classname="tests.damage.test_stress_life.TestPalmgrenMiner" name="test_damage_equivalent_moment[10000000.0-3-cc2-1050-1000]" file="tests/damage/test_stress_life.py" line="233" time="0.001" /><testcase classname="tests.damage.test_stress_life.TestPalmgrenMiner" name="test_damage_equivalent_moment[10000000.0-3-cc2-1600-1500]" file="tests/damage/test_stress_life.py" line="233" time="0.002" /><testcase classname="tests.damage.test_stress_life.TestPalmgrenMiner" name="test_damage_equivalent_moment[10000000.0-3-cc2-2000-1800]" file="tests/damage/test_stress_life.py" line="233" time="0.002" /><testcase classname="tests.damage.test_stress_life.TestPalmgrenMiner" name="test_damage_equivalent_moment[10000000.0-4-cc0-1050-1000]" file="tests/damage/test_stress_life.py" line="233" time="0.002" /><testcase classname="tests.damage.test_stress_life.TestPalmgrenMiner" name="test_damage_equivalent_moment[10000000.0-4-cc0-1600-1500]" file="tests/damage/test_stress_life.py" line="233" time="0.001" /><testcase classname="tests.damage.test_stress_life.TestPalmgrenMiner" name="test_damage_equivalent_moment[10000000.0-4-cc0-2000-1800]" file="tests/damage/test_stress_life.py" line="233" time="0.002" /><testcase classname="tests.damage.test_stress_life.TestPalmgrenMiner" name="test_damage_equivalent_moment[10000000.0-4-cc1-1050-1000]" file="tests/damage/test_stress_life.py" line="233" time="0.001" /><testcase classname="tests.damage.test_stress_life.TestPalmgrenMiner" name="test_damage_equivalent_moment[10000000.0-4-cc1-1600-1500]" file="tests/damage/test_stress_life.py" line="233" time="0.001" /><testcase classname="tests.damage.test_stress_life.TestPalmgrenMiner" name="test_damage_equivalent_moment[10000000.0-4-cc1-2000-1800]" file="tests/damage/test_stress_life.py" line="233" time="0.002" /><testcase classname="tests.damage.test_stress_life.TestPalmgrenMiner" name="test_damage_equivalent_moment[10000000.0-4-cc2-1050-1000]" file="tests/damage/test_stress_life.py" line="233" time="0.002" /><testcase classname="tests.damage.test_stress_life.TestPalmgrenMiner" name="test_damage_equivalent_moment[10000000.0-4-cc2-1600-1500]" file="tests/damage/test_stress_life.py" line="233" time="0.002" /><testcase classname="tests.damage.test_stress_life.TestPalmgrenMiner" name="test_damage_equivalent_moment[10000000.0-4-cc2-2000-1800]" file="tests/damage/test_stress_life.py" line="233" time="0.002" /><testcase classname="tests.damage.test_stress_life.TestPalmgrenMiner" name="test_damage_equivalent_moment[10000000.0-5-cc0-1050-1000]" file="tests/damage/test_stress_life.py" line="233" time="0.002" /><testcase classname="tests.damage.test_stress_life.TestPalmgrenMiner" name="test_damage_equivalent_moment[10000000.0-5-cc0-1600-1500]" file="tests/damage/test_stress_life.py" line="233" time="0.002" /><testcase classname="tests.damage.test_stress_life.TestPalmgrenMiner" name="test_damage_equivalent_moment[10000000.0-5-cc0-2000-1800]" file="tests/damage/test_stress_life.py" line="233" time="0.002" /><testcase classname="tests.damage.test_stress_life.TestPalmgrenMiner" name="test_damage_equivalent_moment[10000000.0-5-cc1-1050-1000]" file="tests/damage/test_stress_life.py" line="233" time="0.002" /><testcase classname="tests.damage.test_stress_life.TestPalmgrenMiner" name="test_damage_equivalent_moment[10000000.0-5-cc1-1600-1500]" file="tests/damage/test_stress_life.py" line="233" time="0.002" /><testcase classname="tests.damage.test_stress_life.TestPalmgrenMiner" name="test_damage_equivalent_moment[10000000.0-5-cc1-2000-1800]" file="tests/damage/test_stress_life.py" line="233" time="0.002" /><testcase classname="tests.damage.test_stress_life.TestPalmgrenMiner" name="test_damage_equivalent_moment[10000000.0-5-cc2-1050-1000]" file="tests/damage/test_stress_life.py" line="233" time="0.002" /><testcase classname="tests.damage.test_stress_life.TestPalmgrenMiner" name="test_damage_equivalent_moment[10000000.0-5-cc2-1600-1500]" file="tests/damage/test_stress_life.py" line="233" time="0.001" /><testcase classname="tests.damage.test_stress_life.TestPalmgrenMiner" name="test_damage_equivalent_moment[10000000.0-5-cc2-2000-1800]" file="tests/damage/test_stress_life.py" line="233" time="0.001" /><testcase classname="tests.damage.test_stress_life.TestPalmgrenMiner" name="test_miner_pandas_accessor_constant_load[sn_curve0]" file="tests/damage/test_stress_life.py" line="272" time="7.653" /><testcase classname="tests.damage.test_stress_life.TestPalmgrenMiner" name="test_miner_pandas_accessor_constant_load[sn_curve1]" file="tests/damage/test_stress_life.py" line="272" time="9.563" /><testcase classname="tests.damage.test_stress_life.TestPalmgrenMiner" name="test_miner_pandas_accessor_constant_load[sn_curve2]" file="tests/damage/test_stress_life.py" line="272" time="8.999" /><testcase classname="tests.damage.test_stress_life.TestPalmgrenMiner" name="test_miner_pandas_accessor_constant_load[sn_curve3]" file="tests/damage/test_stress_life.py" line="272" time="7.132" /><testcase classname="tests.damage.test_stress_life.TestPalmgrenMiner" name="test_miner_pandas_accessor_variable_load[cc0-sn_curve0]" file="tests/damage/test_stress_life.py" line="326" time="0.070" /><testcase classname="tests.damage.test_stress_life.TestPalmgrenMiner" name="test_miner_pandas_accessor_variable_load[cc0-sn_curve1]" file="tests/damage/test_stress_life.py" line="326" time="0.094" /><testcase classname="tests.damage.test_stress_life.TestPalmgrenMiner" name="test_miner_pandas_accessor_variable_load[cc0-sn_curve2]" file="tests/damage/test_stress_life.py" line="326" time="0.083" /><testcase classname="tests.damage.test_stress_life.TestPalmgrenMiner" name="test_miner_pandas_accessor_variable_load[cc0-sn_curve3]" file="tests/damage/test_stress_life.py" line="326" time="0.062" /><testcase classname="tests.damage.test_stress_life.TestPalmgrenMiner" name="test_miner_pandas_accessor_variable_load[cc1-sn_curve0]" file="tests/damage/test_stress_life.py" line="326" time="0.078" /><testcase classname="tests.damage.test_stress_life.TestPalmgrenMiner" name="test_miner_pandas_accessor_variable_load[cc1-sn_curve1]" file="tests/damage/test_stress_life.py" line="326" time="0.110" /><testcase classname="tests.damage.test_stress_life.TestPalmgrenMiner" name="test_miner_pandas_accessor_variable_load[cc1-sn_curve2]" file="tests/damage/test_stress_life.py" line="326" time="0.073" /><testcase classname="tests.damage.test_stress_life.TestPalmgrenMiner" name="test_miner_pandas_accessor_variable_load[cc1-sn_curve3]" file="tests/damage/test_stress_life.py" line="326" time="0.067" /><testcase classname="tests.damage.test_stress_life.TestPalmgrenMiner" name="test_des_pandas_accessor_variable_load[cc0]" file="tests/damage/test_stress_life.py" line="366" time="0.437" /><testcase classname="tests.damage.test_stress_life.TestPalmgrenMiner" name="test_des_pandas_accessor_variable_load[cc1]" file="tests/damage/test_stress_life.py" line="366" time="0.412" /><testcase classname="tests.damage.test_stress_life.TestPalmgrenMiner" name="test_dem_pandas_accessor_variable_load[3-3.5-cc0]" file="tests/damage/test_stress_life.py" line="408" time="0.349" /><testcase classname="tests.damage.test_stress_life.TestPalmgrenMiner" name="test_dem_pandas_accessor_variable_load[3-3.5-cc1]" file="tests/damage/test_stress_life.py" line="408" time="0.443" /><testcase classname="tests.damage.test_stress_life.TestPalmgrenMiner" name="test_dem_pandas_accessor_variable_load[4000-4100-cc0]" file="tests/damage/test_stress_life.py" line="408" time="0.397" /><testcase classname="tests.damage.test_stress_life.TestPalmgrenMiner" name="test_dem_pandas_accessor_variable_load[4000-4100-cc1]" file="tests/damage/test_stress_life.py" line="408" time="0.407" /><testcase classname="tests.damage.test_stress_life.TestPalmgrenMiner" name="test_dem_pandas_accessor_variable_load[2-1-cc0]" file="tests/damage/test_stress_life.py" line="408" time="10.185"><skipped type="pytest.xfail" message="" /></testcase><testcase classname="tests.damage.test_stress_life.TestPalmgrenMiner" name="test_dem_pandas_accessor_variable_load[2-1-cc1]" file="tests/damage/test_stress_life.py" line="408" time="11.079"><skipped type="pytest.xfail" message="" /></testcase><testcase classname="tests.damage.test_stress_life.TestGassner" name="test_g_pandas_accessor_constant_load[sn_curve0]" file="tests/damage/test_stress_life.py" line="474" time="0.741" /><testcase classname="tests.damage.test_stress_life.TestGassner" name="test_g_pandas_accessor_constant_load[sn_curve1]" file="tests/damage/test_stress_life.py" line="474" time="0.780" /><testcase classname="tests.damage.test_stress_life.TestGassner" name="test_g_pandas_accessor_constant_load[sn_curve2]" file="tests/damage/test_stress_life.py" line="474" time="0.782" /><testcase classname="tests.damage.test_stress_life.TestGassner" name="test_g_pandas_accessor_constant_load[sn_curve3]" file="tests/damage/test_stress_life.py" line="474" time="7.736"><skipped type="pytest.xfail" message="" /></testcase><testcase classname="tests.damage.test_stress_life.TestGassner" name="test_g_pandas_accessor_variable_load[sn_curve0-cc0]" file="tests/damage/test_stress_life.py" line="526" time="0.003" /><testcase classname="tests.damage.test_stress_life.TestGassner" name="test_g_pandas_accessor_variable_load[sn_curve0-cc1]" file="tests/damage/test_stress_life.py" line="526" time="0.003" /><testcase classname="tests.damage.test_stress_life.TestGassner" name="test_g_pandas_accessor_variable_load[sn_curve1-cc0]" file="tests/damage/test_stress_life.py" line="526" time="0.002" /><testcase classname="tests.damage.test_stress_life.TestGassner" name="test_g_pandas_accessor_variable_load[sn_curve1-cc1]" file="tests/damage/test_stress_life.py" line="526" time="0.002" /><testcase classname="tests.damage.test_stress_life.TestGassner" name="test_g_pandas_accessor_variable_load[sn_curve2-cc0]" file="tests/damage/test_stress_life.py" line="526" time="0.004" /><testcase classname="tests.damage.test_stress_life.TestGassner" name="test_g_pandas_accessor_variable_load[sn_curve2-cc1]" file="tests/damage/test_stress_life.py" line="526" time="0.005" /><testcase classname="tests.damage.test_stress_life.TestGassner" name="test_g_pandas_accessor_variable_load[sn_curve3-cc0]" file="tests/damage/test_stress_life.py" line="526" time="0.002"><skipped type="pytest.xfail" message="" /></testcase><testcase classname="tests.damage.test_stress_life.TestGassner" name="test_g_pandas_accessor_variable_load[sn_curve3-cc1]" file="tests/damage/test_stress_life.py" line="526" time="0.001"><skipped type="pytest.xfail" message="" /></testcase><testcase classname="tests.damage.test_stress_life" name="test_leve_damage_rule[0.99-load0-sn_curve0]" file="tests/damage/test_stress_life.py" line="561" time="0.058" /><testcase classname="tests.damage.test_stress_life" name="test_leve_damage_rule[0.99-load0-sn_curve1]" file="tests/damage/test_stress_life.py" line="561" time="0.082" /><testcase classname="tests.damage.test_stress_life" name="test_leve_damage_rule[0.99-load0-sn_curve2]" file="tests/damage/test_stress_life.py" line="561" time="0.058" /><testcase classname="tests.damage.test_stress_life" name="test_leve_damage_rule[0.99-load0-sn_curve3]" file="tests/damage/test_stress_life.py" line="561" time="0.063" /><testcase classname="tests.damage.test_stress_life" name="test_leve_damage_rule[0.99-load1-sn_curve0]" file="tests/damage/test_stress_life.py" line="561" time="0.066" /><testcase classname="tests.damage.test_stress_life" name="test_leve_damage_rule[0.99-load1-sn_curve1]" file="tests/damage/test_stress_life.py" line="561" time="0.073" /><testcase classname="tests.damage.test_stress_life" name="test_leve_damage_rule[0.99-load1-sn_curve2]" file="tests/damage/test_stress_life.py" line="561" time="0.061" /><testcase classname="tests.damage.test_stress_life" name="test_leve_damage_rule[0.99-load1-sn_curve3]" file="tests/damage/test_stress_life.py" line="561" time="0.086" /><testcase classname="tests.damage.test_stress_life" name="test_leve_damage_rule[1-load0-sn_curve0]" file="tests/damage/test_stress_life.py" line="561" time="0.104" /><testcase classname="tests.damage.test_stress_life" name="test_leve_damage_rule[1-load0-sn_curve1]" file="tests/damage/test_stress_life.py" line="561" time="0.063" /><testcase classname="tests.damage.test_stress_life" name="test_leve_damage_rule[1-load0-sn_curve2]" file="tests/damage/test_stress_life.py" line="561" time="0.064" /><testcase classname="tests.damage.test_stress_life" name="test_leve_damage_rule[1-load0-sn_curve3]" file="tests/damage/test_stress_life.py" line="561" time="0.104" /><testcase classname="tests.damage.test_stress_life" name="test_leve_damage_rule[1-load1-sn_curve0]" file="tests/damage/test_stress_life.py" line="561" time="0.058" /><testcase classname="tests.damage.test_stress_life" name="test_leve_damage_rule[1-load1-sn_curve1]" file="tests/damage/test_stress_life.py" line="561" time="0.098" /><testcase classname="tests.damage.test_stress_life" name="test_leve_damage_rule[1-load1-sn_curve2]" file="tests/damage/test_stress_life.py" line="561" time="0.066" /><testcase classname="tests.damage.test_stress_life" name="test_leve_damage_rule[1-load1-sn_curve3]" file="tests/damage/test_stress_life.py" line="561" time="0.085" /><testcase classname="tests.damage.test_stress_life" name="test_leve_damage_rule[1.01-load0-sn_curve0]" file="tests/damage/test_stress_life.py" line="561" time="0.057" /><testcase classname="tests.damage.test_stress_life" name="test_leve_damage_rule[1.01-load0-sn_curve1]" file="tests/damage/test_stress_life.py" line="561" time="0.061" /><testcase classname="tests.damage.test_stress_life" name="test_leve_damage_rule[1.01-load0-sn_curve2]" file="tests/damage/test_stress_life.py" line="561" time="0.073" /><testcase classname="tests.damage.test_stress_life" name="test_leve_damage_rule[1.01-load0-sn_curve3]" file="tests/damage/test_stress_life.py" line="561" time="0.086" /><testcase classname="tests.damage.test_stress_life" name="test_leve_damage_rule[1.01-load1-sn_curve0]" file="tests/damage/test_stress_life.py" line="561" time="0.064" /><testcase classname="tests.damage.test_stress_life" name="test_leve_damage_rule[1.01-load1-sn_curve1]" file="tests/damage/test_stress_life.py" line="561" time="0.074" /><testcase classname="tests.damage.test_stress_life" name="test_leve_damage_rule[1.01-load1-sn_curve2]" file="tests/damage/test_stress_life.py" line="561" time="0.059" /><testcase classname="tests.damage.test_stress_life" name="test_leve_damage_rule[1.01-load1-sn_curve3]" file="tests/damage/test_stress_life.py" line="561" time="0.063" /><testcase classname="tests.damage.test_stress_life" name="test_nonlinear_damage_rules[pavlou-sn_curve0]" file="tests/damage/test_stress_life.py" line="597" time="0.142" /><testcase classname="tests.damage.test_stress_life" name="test_nonlinear_damage_rules[pavlou-sn_curve1]" file="tests/damage/test_stress_life.py" line="597" time="0.138" /><testcase classname="tests.damage.test_stress_life" name="test_nonlinear_damage_rules[pavlou-sn_curve2]" file="tests/damage/test_stress_life.py" line="597" time="0.131" /><testcase classname="tests.damage.test_stress_life" name="test_nonlinear_damage_rules[pavlou-sn_curve3]" file="tests/damage/test_stress_life.py" line="597" time="0.170" /><testcase classname="tests.damage.test_stress_life" name="test_nonlinear_damage_rules[manson-sn_curve0]" file="tests/damage/test_stress_life.py" line="597" time="0.215" /><testcase classname="tests.damage.test_stress_life" name="test_nonlinear_damage_rules[manson-sn_curve1]" file="tests/damage/test_stress_life.py" line="597" time="0.245" /><testcase classname="tests.damage.test_stress_life" name="test_nonlinear_damage_rules[manson-sn_curve2]" file="tests/damage/test_stress_life.py" line="597" time="0.205" /><testcase classname="tests.damage.test_stress_life" name="test_nonlinear_damage_rules[manson-sn_curve3]" file="tests/damage/test_stress_life.py" line="597" time="0.258" /><testcase classname="tests.damage.test_stress_life" name="test_nonlinear_damage_rules[si jian-sn_curve0]" file="tests/damage/test_stress_life.py" line="597" time="0.129" /><testcase classname="tests.damage.test_stress_life" name="test_nonlinear_damage_rules[si jian-sn_curve1]" file="tests/damage/test_stress_life.py" line="597" time="0.166" /><testcase classname="tests.damage.test_stress_life" name="test_nonlinear_damage_rules[si jian-sn_curve2]" file="tests/damage/test_stress_life.py" line="597" time="0.147" /><testcase classname="tests.damage.test_stress_life" name="test_nonlinear_damage_rules[si jian-sn_curve3]" file="tests/damage/test_stress_life.py" line="597" time="0.156" /><testcase classname="tests.geometry.test_cylinder.TestCylinder" name="test_hollow_cylinder[internal]" file="tests/geometry/test_cylinder.py" line="31" time="0.434" /><testcase classname="tests.geometry.test_cylinder.TestCylinder" name="test_hollow_cylinder[external]" file="tests/geometry/test_cylinder.py" line="31" time="0.392" /><testcase classname="tests.geometry.test_cylinder.TestCylinder" name="test_cylinder" file="tests/geometry/test_cylinder.py" line="115" time="0.392" /><testcase classname="tests.geometry.test_generic.TestGeneric" name="test_infinite_surface" file="tests/geometry/test_generic.py" line="30" time="0.192" /><testcase classname="tests.material.test_sn_curve" name="test_sncurve_private_attributes" file="tests/material/test_sn_curve.py" line="81" time="0.001" /><testcase classname="tests.material.test_sn_curve" name="test_sncurve_slope_intercept_types" file="tests/material/test_sn_curve.py" line="98" time="0.001" /><testcase classname="tests.material.test_sn_curve" name="test_linear_sncurve_back_and_forth" file="tests/material/test_sn_curve.py" line="113" time="2.695" /><testcase classname="tests.material.test_sn_curve" name="test_bilinear_sncurve_back_and_forth" file="tests/material/test_sn_curve.py" line="128" time="0.167" /><testcase classname="tests.material.test_sn_curve" name="test_trilinear_sncurve_back_and_forth" file="tests/material/test_sn_curve.py" line="143" time="2.657" /><testcase classname="tests.material.test_sn_curve" name="test_backwards_compatibility_n_sigma" file="tests/material/test_sn_curve.py" line="157" time="0.182" /><testcase classname="tests.material.test_sn_curve" name="test_sn_curve_equality" file="tests/material/test_sn_curve.py" line="183" time="0.181" /><testcase classname="tests.material.test_sn_curve" name="test_sn_curve_different_attribute_types" file="tests/material/test_sn_curve.py" line="211" time="0.001" /><testcase classname="tests.material.test_sn_curve" name="test_knee_point_calculation" file="tests/material/test_sn_curve.py" line="229" time="0.315" /><testcase classname="tests.material.test_sn_curve" name="test_knee_point_check" file="tests/material/test_sn_curve.py" line="281" time="0.207" /><testcase classname="tests.material.test_sn_curve" name="test_endurance_behavior" file="tests/material/test_sn_curve.py" line="320" time="0.690" /><testcase classname="tests.material.test_sn_curve" name="test_plotly" file="tests/material/test_sn_curve.py" line="347" time="0.161" /><testcase classname="tests.material.test_sn_curve" name="test_format_name" file="tests/material/test_sn_curve.py" line="366" time="0.002" /><testcase classname="tests.material.test_sn_curve" name="test_plot" file="tests/material/test_sn_curve.py" line="382" time="0.244" /><testcase classname="tests.mean_stress.test_mean_stress.TestMeanStress" name="test_bin_centers" file="tests/mean_stress/test_mean_stress.py" line="75" time="0.005" /><testcase classname="tests.mean_stress.test_mean_stress.TestMeanStress" name="test_bin_edges" file="tests/mean_stress/test_mean_stress.py" line="66" time="0.003" /><testcase classname="tests.mean_stress.test_mean_stress.TestMeanStress" name="test_binned_values" file="tests/mean_stress/test_mean_stress.py" line="84" time="0.005" /><testcase classname="tests.mean_stress.test_mean_stress.TestMeanStress" name="test_full" file="tests/mean_stress/test_mean_stress.py" line="93" time="0.002" /><testcase classname="tests.mean_stress.test_mean_stress.TestMeanStress" name="test_half" file="tests/mean_stress/test_mean_stress.py" line="102" time="0.001" /><testcase classname="tests.stress_range.test_stress_range.TestStressRange" name="test_bin_centers" file="tests/stress_range/test_stress_range.py" line="66" time="0.004" /><testcase classname="tests.stress_range.test_stress_range.TestStressRange" name="test_bin_edges" file="tests/stress_range/test_stress_range.py" line="57" time="0.002" /><testcase classname="tests.stress_range.test_stress_range.TestStressRange" name="test_binned_values" file="tests/stress_range/test_stress_range.py" line="75" time="0.002" /><testcase classname="tests.stress_range.test_stress_range.TestStressRange" name="test_full" file="tests/stress_range/test_stress_range.py" line="84" time="0.002" /><testcase classname="tests.stress_range.test_stress_range.TestStressRange" name="test_half" file="tests/stress_range/test_stress_range.py" line="93" time="0.002" /><testcase classname="tests.test_utils" name="test_split_full_cycles_and_residuals[counts0-expected0-error0]" file="tests/test_utils.py" line="73" time="0.001" /><testcase classname="tests.test_utils" name="test_split_full_cycles_and_residuals[counts1-expected1-error1]" file="tests/test_utils.py" line="73" time="0.001" /><testcase classname="tests.test_utils" name="test_split_full_cycles_and_residuals[counts2-expected2-error2]" file="tests/test_utils.py" line="73" time="0.001" /><testcase classname="tests.test_utils" name="test_split_full_cycles_and_residuals[counts3-expected3-error3]" file="tests/test_utils.py" line="73" time="0.001" /><testcase classname="tests.test_utils" name="test_bin_upper_bound[-10-5-100.5-105.0-error0]" file="tests/test_utils.py" line="96" time="0.001" /><testcase classname="tests.test_utils" name="test_bin_upper_bound[60-6--20--18.0-error1]" file="tests/test_utils.py" line="96" time="0.001" /><testcase classname="tests.test_utils" name="test_bin_upper_bound[60-6-60-60.0-error2]" file="tests/test_utils.py" line="96" time="0.001" /><testcase classname="tests.test_utils" name="test_bin_upper_bound[0-1-99-99.0-error3]" file="tests/test_utils.py" line="96" time="0.001" /><testcase classname="tests.test_utils" name="test_bin_upper_bound[0-1-98.9-99.0-error4]" file="tests/test_utils.py" line="96" time="0.001" /><testcase classname="tests.test_utils" name="test_calc_bin_edges[1-2-3-expected0-error0]" file="tests/test_utils.py" line="136" time="0.001" /><testcase classname="tests.test_utils" name="test_calc_bin_edges[1--1-3-expected1-error1]" file="tests/test_utils.py" line="136" time="0.001" /><testcase classname="tests.test_utils" name="test_calc_bin_edges[1-10-1-expected2-error2]" file="tests/test_utils.py" line="136" time="0.001" /><testcase classname="tests.test_utils" name="test_calc_bin_edges[1-10.1-1-expected3-error3]" file="tests/test_utils.py" line="136" time="0.001" /><testcase classname="tests.test_utils" name="test_calc_bin_edges[1-10.1-0.5-expected4-error4]" file="tests/test_utils.py" line="136" time="0.001" /><testcase classname="tests.test_utils" name="test_calc_bin_edges[1.1-10.1-0.2-expected5-error5]" file="tests/test_utils.py" line="136" time="0.001" /><testcase classname="tests.test_utils" name="test_calc_half_cycles[count_cycle0-expected0-error0]" file="tests/test_utils.py" line="159" time="0.001" /><testcase classname="tests.test_utils" name="test_calc_half_cycles[count_cycle1-expected1-error1]" file="tests/test_utils.py" line="159" time="0.001" /><testcase classname="tests.test_utils" name="test_calc_half_cycles[count_cycle2-expected2-error2]" file="tests/test_utils.py" line="159" time="0.001" /><testcase classname="tests.test_utils" name="test_calc_half_cycles[count_cycle3-expected3-error3]" file="tests/test_utils.py" line="159" time="0.001" /><testcase classname="tests.test_utils" name="test_calc_full_cycles[count_cycle0-expected0-error0]" file="tests/test_utils.py" line="202" time="0.001" /><testcase classname="tests.test_utils" name="test_calc_full_cycles[count_cycle1-expected1-error1]" file="tests/test_utils.py" line="202" time="0.001" /><testcase classname="tests.test_utils" name="test_calc_full_cycles[count_cycle2-expected2-error2]" file="tests/test_utils.py" line="202" time="0.001" /><testcase classname="tests.test_utils" name="test_calc_full_cycles[count_cycle3-expected3-error3]" file="tests/test_utils.py" line="202" time="0.001" /><testcase classname="tests.test_utils.TestFatigueStress" name="test_empty_fatigue_stress" file="tests/test_utils.py" line="237" time="1.343" /><testcase classname="tests.test_utils.TestFatigueStress" name="test_faulty_fatigue_stress" file="tests/test_utils.py" line="224" time="1.164" /><testcase classname="tests.test_utils" name="test_calc_slope_intercept[x0-y0-expected_slopes0-expected_intercepts0]" file="tests/test_utils.py" line="256" time="0.001" /><testcase classname="tests.test_utils" name="test_calc_slope_intercept[x1-y1-expected_slopes1-expected_intercepts1]" file="tests/test_utils.py" line="256" time="0.001" /><testcase classname="tests.test_version" name="test_version" file="tests/test_version.py" line="8" time="0.001" /><testcase classname="tests.test_version" name="test_parse_version" file="tests/test_version.py" line="12" time="0.173" /><testcase classname="tests.test_version" name="test_parse_version_with_release_and_num" file="tests/test_version.py" line="29" time="0.333" /><testcase classname="tests.test_version" name="test_negative_version" file="tests/test_version.py" line="50" time="0.187" /></testsuite></testsuites>